node: sdfmilan258  cores: 120  start: 2026-08-03T15:54:55-07:00
[ceiling] remote server: 0.2.14.dev18+aa32112d
=== Phase A: control (milano-exclusive vs interactive-node numbers)
{"dataset": "EGRESS_PE_1M_BROKER", "method": "container_export", "c": 1, "n": 200, "rep": 1, "artifact": "signal", "wall_s": 7.722, "entities": 200, "expected": 200, "errors": 0, "payload_mb": 209.715, "wire_mb": 210.249}
{"dataset": "EGRESS_PE_1M_BROKER", "method": "artifact_read", "c": 1, "n": 200, "rep": 1, "artifact": "signal", "wall_s": 37.902, "entities": 200, "expected": 200, "errors": 0, "payload_mb": 209.715, "wire_mb": 209.715}
{"dataset": "EGRESS_PE_1M_BROKER", "method": "asset_bytes", "c": 1, "n": 200, "rep": 1, "artifact": "signal", "wall_s": 47.442, "entities": 200, "expected": 200, "errors": 0, "payload_mb": 0.0, "wire_mb": 210.128}
{"dataset": "EGRESS_PE_16M_BROKER", "method": "container_export", "c": 1, "n": 32, "rep": 1, "artifact": "signal", "wall_s": 9.887, "entities": 32, "expected": 32, "errors": 0, "payload_mb": 536.871, "wire_mb": 537.121}
{"dataset": "EGRESS_PE_16M_BROKER", "method": "artifact_read", "c": 1, "n": 32, "rep": 1, "artifact": "signal", "wall_s": 14.955, "entities": 32, "expected": 32, "errors": 0, "payload_mb": 536.871, "wire_mb": 536.871}
{"dataset": "EGRESS_PE_16M_BROKER", "method": "container_export", "c": 8, "n": 32, "rep": 1, "artifact": "signal", "wall_s": 3.105, "entities": 32, "expected": 32, "errors": 0, "payload_mb": 536.871, "wire_mb": 537.121}
{"dataset": "EGRESS_PE_16M_BROKER", "method": "artifact_read", "c": 8, "n": 32, "rep": 1, "artifact": "signal", "wall_s": 3.698, "entities": 32, "expected": 32, "errors": 0, "payload_mb": 536.871, "wire_mb": 536.871}
{"dataset": "EGRESS_PE_16M_BROKER", "method": "container_export", "c": 16, "n": 32, "rep": 1, "artifact": "signal", "wall_s": 3.437, "entities": 32, "expected": 32, "errors": 0, "payload_mb": 536.871, "wire_mb": 537.121}
{"dataset": "EGRESS_PE_16M_BROKER", "method": "artifact_read", "c": 16, "n": 32, "rep": 1, "artifact": "signal", "wall_s": 3.585, "entities": 32, "expected": 32, "errors": 0, "payload_mb": 536.871, "wire_mb": 536.871}
{"dataset": "EGRESS_PE_1M_BROKER", "method": "container_export", "c": 1, "n": 200, "rep": 2, "artifact": "signal", "wall_s": 7.059, "entities": 200, "expected": 200, "errors": 0, "payload_mb": 209.715, "wire_mb": 210.249}
{"dataset": "EGRESS_PE_1M_BROKER", "method": "artifact_read", "c": 1, "n": 200, "rep": 2, "artifact": "signal", "wall_s": 38.545, "entities": 200, "expected": 200, "errors": 0, "payload_mb": 209.715, "wire_mb": 209.715}
{"dataset": "EGRESS_PE_1M_BROKER", "method": "asset_bytes", "c": 1, "n": 200, "rep": 2, "artifact": "signal", "wall_s": 46.848, "entities": 200, "expected": 200, "errors": 0, "payload_mb": 0.0, "wire_mb": 210.128}
{"dataset": "EGRESS_PE_16M_BROKER", "method": "container_export", "c": 1, "n": 32, "rep": 2, "artifact": "signal", "wall_s": 9.656, "entities": 32, "expected": 32, "errors": 0, "payload_mb": 536.871, "wire_mb": 537.121}
{"dataset": "EGRESS_PE_16M_BROKER", "method": "artifact_read", "c": 1, "n": 32, "rep": 2, "artifact": "signal", "wall_s": 15.227, "entities": 32, "expected": 32, "errors": 0, "payload_mb": 536.871, "wire_mb": 536.871}
{"dataset": "EGRESS_PE_16M_BROKER", "method": "container_export", "c": 8, "n": 32, "rep": 2, "artifact": "signal", "wall_s": 3.187, "entities": 32, "expected": 32, "errors": 0, "payload_mb": 536.871, "wire_mb": 537.121}
{"dataset": "EGRESS_PE_16M_BROKER", "method": "artifact_read", "c": 8, "n": 32, "rep": 2, "artifact": "signal", "wall_s": 3.263, "entities": 32, "expected": 32, "errors": 0, "payload_mb": 536.871, "wire_mb": 536.871}
{"dataset": "EGRESS_PE_16M_BROKER", "method": "container_export", "c": 16, "n": 32, "rep": 2, "artifact": "signal", "wall_s": 3.37, "entities": 32, "expected": 32, "errors": 0, "payload_mb": 536.871, "wire_mb": 537.121}
{"dataset": "EGRESS_PE_16M_BROKER", "method": "artifact_read", "c": 16, "n": 32, "rep": 2, "artifact": "signal", "wall_s": 3.303, "entities": 32, "expected": 32, "errors": 0, "payload_mb": 536.871, "wire_mb": 536.871}
{"dataset": "EGRESS_PE_1M_BROKER", "method": "container_export", "c": 1, "n": 200, "rep": 3, "artifact": "signal", "wall_s": 6.987, "entities": 200, "expected": 200, "errors": 0, "payload_mb": 209.715, "wire_mb": 210.249}
{"dataset": "EGRESS_PE_1M_BROKER", "method": "artifact_read", "c": 1, "n": 200, "rep": 3, "artifact": "signal", "wall_s": 38.003, "entities": 200, "expected": 200, "errors": 0, "payload_mb": 209.715, "wire_mb": 209.715}
{"dataset": "EGRESS_PE_1M_BROKER", "method": "asset_bytes", "c": 1, "n": 200, "rep": 3, "artifact": "signal", "wall_s": 45.748, "entities": 200, "expected": 200, "errors": 0, "payload_mb": 0.0, "wire_mb": 210.128}
{"dataset": "EGRESS_PE_16M_BROKER", "method": "container_export", "c": 1, "n": 32, "rep": 3, "artifact": "signal", "wall_s": 9.635, "entities": 32, "expected": 32, "errors": 0, "payload_mb": 536.871, "wire_mb": 537.121}
{"dataset": "EGRESS_PE_16M_BROKER", "method": "artifact_read", "c": 1, "n": 32, "rep": 3, "artifact": "signal", "wall_s": 14.402, "entities": 32, "expected": 32, "errors": 0, "payload_mb": 536.871, "wire_mb": 536.871}
{"dataset": "EGRESS_PE_16M_BROKER", "method": "container_export", "c": 8, "n": 32, "rep": 3, "artifact": "signal", "wall_s": 3.846, "entities": 32, "expected": 32, "errors": 0, "payload_mb": 536.871, "wire_mb": 537.121}
{"dataset": "EGRESS_PE_16M_BROKER", "method": "artifact_read", "c": 8, "n": 32, "rep": 3, "artifact": "signal", "wall_s": 3.427, "entities": 32, "expected": 32, "errors": 0, "payload_mb": 536.871, "wire_mb": 536.871}
{"dataset": "EGRESS_PE_16M_BROKER", "method": "container_export", "c": 16, "n": 32, "rep": 3, "artifact": "signal", "wall_s": 2.735, "entities": 32, "expected": 32, "errors": 0, "payload_mb": 536.871, "wire_mb": 537.121}
{"dataset": "EGRESS_PE_16M_BROKER", "method": "artifact_read", "c": 16, "n": 32, "rep": 3, "artifact": "signal", "wall_s": 3.236, "entities": 32, "expected": 32, "errors": 0, "payload_mb": 536.871, "wire_mb": 536.871}
[row] EGRESS_PE_16M_BROKER asset_bytes c=1 nproc=8 n=48 rep=1 wall=3.20s wire=805MB errors=0
[row] EGRESS_PE_16M_BROKER asset_bytes c=1 nproc=8 n=48 rep=2 wall=3.10s wire=805MB errors=0
[row] EGRESS_PE_16M_BROKER asset_bytes c=1 nproc=8 n=48 rep=3 wall=3.15s wire=805MB errors=0
=== Phase B: bandwidth ladder (asset_bytes processes)
[row] EGRESS_PE_16M_BROKER asset_bytes c=1 nproc=8 n=256 rep=1 wall=16.84s wire=4295MB errors=0
  P=8: 255 MB/s aggregate
[row] EGRESS_PE_16M_BROKER asset_bytes c=1 nproc=8 n=256 rep=2 wall=16.12s wire=4295MB errors=0
  P=8: 266 MB/s aggregate
Retrying…
Retrying…
Retrying…
Retrying…
Retrying…
Retrying…
Retrying…
[row] EGRESS_PE_16M_BROKER asset_bytes c=1 nproc=16 n=256 rep=1 wall=10.99s wire=4228MB errors=4
  P=16: 385 MB/s aggregate
Retrying…
Retrying…
Retrying…
Retrying…
Retrying…
Retrying…
Retrying…
Retrying…
Retrying…
Retrying…
Retrying…
Retrying…
Retrying…
Retrying…
Retrying…
Retrying…
[row] EGRESS_PE_16M_BROKER asset_bytes c=1 nproc=16 n=256 rep=2 wall=11.55s wire=4212MB errors=5
  P=16: 364 MB/s aggregate
Retrying…
Retrying…
Retrying…
Retrying…
Retrying…
Retrying…
Retrying…
Retrying…
Retrying…
Retrying…
Retrying…
Retrying…
Retrying…
Retrying…
Retrying…
Retrying…
Retrying…
Retrying…
Retrying…
Retrying…
Retrying…
Retrying…
Retrying…
Retrying…
Retrying…
Retrying…
Retrying…
Retrying…
Retrying…
Retrying…
Retrying…
Retrying…
Retrying…
Retrying…
Retrying…
Retrying…
Retrying…
Retrying…
Retrying…
Retrying…
Retrying…
[row] EGRESS_PE_16M_BROKER asset_bytes c=1 nproc=32 n=256 rep=1 wall=6.91s wire=4161MB errors=8
  P=32: 602 MB/s aggregate
Retrying…
Retrying…
Retrying…
Retrying…
Retrying…
Retrying…
Retrying…
Retrying…
Retrying…
Retrying…
Retrying…
Retrying…
Retrying…
Retrying…
Retrying…
Retrying…
Retrying…
Retrying…
Retrying…
Retrying…
Retrying…
Retrying…
Retrying…
Retrying…
Retrying…
Retrying…
Retrying…
Retrying…
Retrying…
Retrying…
Retrying…
Retrying…
Retrying…
Retrying…
[row] EGRESS_PE_16M_BROKER asset_bytes c=1 nproc=32 n=256 rep=2 wall=7.66s wire=4111MB errors=11
  P=32: 537 MB/s aggregate
Retrying…
Retrying…
Retrying…
Retrying…
Retrying…
Retrying…
Retrying…
Retrying…
Retrying…
Retrying…
Retrying…
Retrying…
Retrying…
Retrying…
Retrying…
Retrying…
Retrying…
Retrying…
Retrying…
Retrying…
Retrying…
Retrying…
Retrying…
Retrying…
Retrying…
Retrying…
Retrying…
Retrying…
Retrying…
Retrying…
Retrying…
Retrying…
Retrying…
Retrying…
Retrying…
Retrying…
Retrying…
Retrying…
Retrying…
Retrying…
Retrying…
Retrying…
Retrying…
Retrying…
Retrying…
Retrying…
Retrying…
Retrying…
Retrying…
Retrying…
Retrying…
Retrying…
Retrying…
Retrying…
Retrying…
Retrying…
Retrying…
Retrying…
Retrying…
Retrying…
Retrying…
Retrying…
Retrying…
Retrying…
Retrying…
Retrying…
Retrying…
Retrying…
Retrying…
Retrying…
Retrying…
Retrying…
Retrying…
Retrying…
Retrying…
Retrying…
Retrying…
Retrying…
Retrying…
Retrying…
Retrying…
Retrying…
Retrying…
Retrying…
Retrying…
Retrying…
Retrying…
Retrying…
Retrying…
Retrying…
Retrying…
Retrying…
Retrying…
Retrying…
Retrying…
Retrying…
Retrying…
Retrying…
Retrying…
Retrying…
Retrying…
Retrying…
Retrying…
Retrying…
Retrying…
Retrying…
Retrying…
Retrying…
Retrying…
Retrying…
Retrying…
Retrying…
Retrying…
Retrying…
Retrying…
Retrying…
Retrying…
Retrying…
Retrying…
Retrying…
Retrying…
[row] EGRESS_PE_16M_BROKER asset_bytes c=1 nproc=64 n=256 rep=1 wall=5.98s wire=3926MB errors=22
  P=64: 656 MB/s aggregate
[abort] error rate too high at P=64
=== Phase B2: whole-file streams (same 1.05 GB file x P)
[row] EGRESS_BAT_1M_BROKER asset_bytes c=1 nproc=4 n=1000 rep=1 wall=14.48s wire=4194MB errors=0
  P=4: 290 MB/s aggregate
[row] EGRESS_BAT_1M_BROKER asset_bytes c=1 nproc=4 n=1000 rep=2 wall=13.19s wire=4194MB errors=0
  P=4: 318 MB/s aggregate
[row] EGRESS_BAT_1M_BROKER asset_bytes c=1 nproc=8 n=1000 rep=1 wall=15.65s wire=8389MB errors=0
  P=8: 536 MB/s aggregate
[row] EGRESS_BAT_1M_BROKER asset_bytes c=1 nproc=8 n=1000 rep=2 wall=15.70s wire=8389MB errors=0
  P=8: 534 MB/s aggregate
Retrying…
Retrying…
Retrying…
Retrying…
[row] EGRESS_BAT_1M_BROKER asset_bytes c=1 nproc=16 n=1000 rep=1 wall=18.26s wire=16778MB errors=0
  P=16: 919 MB/s aggregate
Retrying…
Retrying…
Retrying…
Retrying…
Retrying…
[row] EGRESS_BAT_1M_BROKER asset_bytes c=1 nproc=16 n=1000 rep=2 wall=18.31s wire=16778MB errors=0
  P=16: 917 MB/s aggregate
Retrying…
Retrying…
Retrying…
Retrying…
Retrying…
Retrying…
Retrying…
Retrying…
Retrying…
Retrying…
Retrying…
Retrying…
Retrying…
Retrying…
Retrying…
Retrying…
Retrying…
Retrying…
Retrying…
Retrying…
Retrying…
Retrying…
Retrying…
[row] EGRESS_BAT_1M_BROKER asset_bytes c=1 nproc=32 n=1000 rep=1 wall=30.76s wire=33555MB errors=0
  P=32: 1091 MB/s aggregate
Retrying…
Retrying…
Retrying…
Retrying…
Retrying…
Retrying…
Retrying…
Retrying…
Retrying…
Retrying…
Retrying…
Retrying…
Retrying…
Retrying…
Retrying…
Retrying…
Retrying…
Retrying…
Retrying…
Retrying…
Retrying…
Retrying…
Retrying…
Retrying…
Retrying…
Retrying…
Retrying…
Retrying…
Retrying…
Retrying…
Retrying…
[row] EGRESS_BAT_1M_BROKER asset_bytes c=1 nproc=32 n=1000 rep=2 wall=21.77s wire=33555MB errors=0
  P=32: 1541 MB/s aggregate
=== Phase C: request-rate ladder (artifact_read 64K, P procs x 8 threads)
[row] EGRESS_PE_64K_BROKER artifact_read c=8 nproc=4 n=1000 rep=1 wall=15.78s wire=66MB errors=0
  P=4: 63 ent/s ~ 190 req/s
[row] EGRESS_PE_64K_BROKER artifact_read c=8 nproc=4 n=1000 rep=2 wall=14.95s wire=66MB errors=0
  P=4: 67 ent/s ~ 201 req/s
Retrying…
[row] EGRESS_PE_64K_BROKER artifact_read c=8 nproc=8 n=1000 rep=1 wall=13.81s wire=66MB errors=0
  P=8: 72 ent/s ~ 217 req/s
Retrying…
Retrying…
Retrying…
[row] EGRESS_PE_64K_BROKER artifact_read c=8 nproc=8 n=1000 rep=2 wall=13.66s wire=66MB errors=0
  P=8: 73 ent/s ~ 220 req/s
Retrying…
Retrying…
Retrying…
Retrying…
Retrying…
Retrying…
Retrying…
[row] EGRESS_PE_64K_BROKER artifact_read c=8 nproc=16 n=992 rep=1 wall=15.00s wire=65MB errors=0
  P=16: 66 ent/s ~ 198 req/s
Retrying…
Retrying…
Retrying…
Retrying…
Retrying…
Retrying…
Retrying…
Retrying…
[row] EGRESS_PE_64K_BROKER artifact_read c=8 nproc=16 n=992 rep=2 wall=19.12s wire=65MB errors=0
  P=16: 52 ent/s ~ 156 req/s
Retrying…
Retrying…
Retrying…
Retrying…
Retrying…
Retrying…
Retrying…
Retrying…
Retrying…
Retrying…
Retrying…
Retrying…
Retrying…
Retrying…
Retrying…
Retrying…
Retrying…
Retrying…
Retrying…
Retrying…
Retrying…
Retrying…
Retrying…
Retrying…
Retrying…
Retrying…
Retrying…
Retrying…
Retrying…
Retrying…
Retrying…
Retrying…
Retrying…
Retrying…
Retrying…
Retrying…
Retrying…
Retrying…
Retrying…
Retrying…
Retrying…
Retrying…
Retrying…
Retrying…
Retrying…
Retrying…
Retrying…
Retrying…
Retrying…
Retrying…
Retrying…
Retrying…
Retrying…
Retrying…
Retrying…
Retrying…
Retrying…
Retrying…
Retrying…
Retrying…
Retrying…
Retrying…
Retrying…
Retrying…
Retrying…
Retrying…
Retrying…
Retrying…
Retrying…
Retrying…
Retrying…
Retrying…
[row] EGRESS_PE_64K_BROKER artifact_read c=8 nproc=32 n=992 rep=1 wall=24.21s wire=65MB errors=0
  P=32: 41 ent/s ~ 123 req/s
Retrying…
Retrying…
Retrying…
Retrying…
Retrying…
Retrying…
Retrying…
Retrying…
Retrying…
Retrying…
Retrying…
Retrying…
Retrying…
Retrying…
Retrying…
Retrying…
Retrying…
Retrying…
Retrying…
Retrying…
Retrying…
Retrying…
Retrying…
Retrying…
Retrying…
Retrying…
Retrying…
Retrying…
Retrying…
Retrying…
Retrying…
Retrying…
Retrying…
Retrying…
Retrying…
Retrying…
Retrying…
Retrying…
Retrying…
Retrying…
Retrying…
Retrying…
Retrying…
Retrying…
Retrying…
Retrying…
Retrying…
Retrying…
Retrying…
Retrying…
Retrying…
Retrying…
Retrying…
Retrying…
Retrying…
Retrying…
Retrying…
Retrying…
Retrying…
Retrying…
[row] EGRESS_PE_64K_BROKER artifact_read c=8 nproc=32 n=992 rep=2 wall=25.89s wire=65MB errors=0
  P=32: 38 ent/s ~ 115 req/s
Retrying…
Retrying…
Retrying…
Retrying…
Retrying…
Retrying…
Retrying…
Retrying…
Retrying…
Retrying…
Retrying…
Retrying…
Retrying…
Retrying…
Retrying…
Retrying…
Retrying…
Retrying…
Retrying…
Retrying…
Retrying…
Retrying…
Retrying…
Retrying…
Retrying…
Retrying…
Retrying…
Retrying…
Retrying…
Retrying…
Retrying…
Retrying…
Retrying…
Retrying…
Retrying…
Retrying…
Retrying…
Retrying…
Retrying…
Retrying…
Retrying…
Retrying…
Retrying…
Retrying…
Retrying…
Retrying…
Retrying…
Retrying…
Retrying…
Retrying…
Retrying…
Retrying…
Retrying…
Retrying…
Retrying…
Retrying…
Retrying…
Retrying…
Retrying…
Retrying…
Retrying…
Retrying…
Retrying…
Retrying…
Retrying…
Retrying…
Retrying…
Retrying…
Retrying…
Retrying…
Retrying…
Retrying…
Retrying…
Retrying…
Retrying…
Retrying…
Retrying…
Retrying…
Retrying…
Retrying…
Retrying…
Retrying…
Retrying…
Retrying…
Retrying…
Retrying…
Retrying…
Retrying…
Retrying…
Retrying…
Retrying…
Retrying…
Retrying…
Retrying…
Retrying…
Retrying…
Retrying…
Retrying…
Retrying…
Retrying…
Retrying…
Retrying…
Retrying…
Retrying…
Retrying…
Retrying…
Retrying…
Retrying…
Retrying…
Retrying…
Retrying…
Retrying…
Retrying…
Retrying…
Retrying…
Retrying…
Retrying…
Retrying…
Retrying…
Retrying…
Retrying…
Retrying…
Retrying…
Retrying…
Retrying…
Retrying…
Retrying…
Retrying…
Retrying…
Retrying…
Retrying…
Retrying…
Retrying…
Retrying…
Retrying…
Retrying…
Retrying…
Retrying…
Retrying…
Retrying…
Retrying…
Retrying…
Retrying…
Retrying…
Retrying…
Retrying…
Retrying…
Retrying…
Retrying…
Retrying…
Retrying…
Retrying…
Retrying…
Retrying…
Retrying…
Retrying…
Retrying…
Retrying…
Retrying…
Retrying…
Retrying…
Retrying…
Retrying…
Retrying…
Retrying…
Retrying…
Retrying…
Retrying…
Retrying…
Retrying…
Retrying…
Retrying…
Retrying…
Retrying…
Retrying…
Retrying…
Retrying…
Retrying…
Retrying…
Retrying…
Retrying…
Retrying…
Retrying…
Retrying…
Retrying…
Retrying…
Retrying…
Retrying…
Retrying…
Retrying…
Retrying…
Retrying…
Retrying…
Retrying…
Retrying…
Retrying…
Retrying…
Retrying…
Retrying…
Retrying…
Retrying…
Retrying…
Retrying…
Retrying…
Retrying…
Retrying…
Retrying…
Retrying…
Retrying…
Retrying…
Retrying…
Retrying…
Retrying…
Retrying…
Retrying…
Retrying…
Retrying…
Retrying…
Retrying…
Retrying…
Retrying…
Retrying…
Retrying…
Retrying…
Retrying…
Retrying…
Retrying…
Retrying…
Retrying…
Retrying…
Retrying…
Retrying…
Retrying…
Retrying…
Retrying…
Retrying…
Retrying…
Retrying…
Retrying…
Retrying…
Retrying…
Retrying…
Retrying…
Retrying…
Retrying…
Retrying…
Retrying…
Retrying…
Retrying…
Retrying…
Retrying…
Retrying…
Retrying…
Retrying…
Retrying…
Retrying…
Retrying…
Retrying…
Retrying…
Retrying…
Retrying…
Retrying…
Retrying…
Retrying…
Retrying…
Retrying…
Retrying…
Retrying…
Retrying…
Retrying…
Retrying…
Retrying…
Retrying…
Retrying…
Retrying…
Retrying…
Retrying…
Retrying…
Retrying…
Retrying…
Retrying…
Retrying…
Retrying…
Retrying…
Retrying…
Retrying…
Retrying…
Retrying…
Retrying…
Retrying…
Retrying…
Retrying…
Retrying…
Retrying…
Retrying…
Retrying…
Retrying…
Retrying…
Retrying…
Retrying…
Retrying…
Retrying…
Retrying…
Retrying…
Retrying…
Retrying…
Retrying…
Retrying…
Retrying…
Retrying…
Retrying…
Retrying…
Retrying…
Retrying…
Retrying…
Retrying…
Retrying…
Retrying…
Retrying…
Retrying…
Retrying…
Retrying…
Retrying…
Retrying…
Retrying…
[row] EGRESS_PE_64K_BROKER artifact_read c=8 nproc=64 n=960 rep=1 wall=22.87s wire=63MB errors=0
  P=64: 42 ent/s ~ 126 req/s
Retrying…
Retrying…
Retrying…
Retrying…
Retrying…
Retrying…
Retrying…
Retrying…
Retrying…
Retrying…
Retrying…
Retrying…
Retrying…
Retrying…
Retrying…
Retrying…
Retrying…
Retrying…
Retrying…
Retrying…
Retrying…
Retrying…
Retrying…
Retrying…
Retrying…
Retrying…
Retrying…
Retrying…
Retrying…
Retrying…
Retrying…
Retrying…
Retrying…
Retrying…
Retrying…
Retrying…
Retrying…
Retrying…
Retrying…
Retrying…
Retrying…
Retrying…
Retrying…
Retrying…
Retrying…
Retrying…
Retrying…
Retrying…
Retrying…
Retrying…
Retrying…
Retrying…
Retrying…
Retrying…
Retrying…
Retrying…
Retrying…
Retrying…
Retrying…
Retrying…
Retrying…
Retrying…
Retrying…
Retrying…
Retrying…
Retrying…
Retrying…
Retrying…
Retrying…
Retrying…
Retrying…
Retrying…
Retrying…
Retrying…
Retrying…
Retrying…
Retrying…
Retrying…
Retrying…
Retrying…
Retrying…
Retrying…
Retrying…
Retrying…
Retrying…
Retrying…
Retrying…
Retrying…
Retrying…
Retrying…
Retrying…
Retrying…
Retrying…
Retrying…
Retrying…
Retrying…
Retrying…
Retrying…
Retrying…
Retrying…
Retrying…
Retrying…
Retrying…
Retrying…
Retrying…
Retrying…
Retrying…
Retrying…
Retrying…
Retrying…
Retrying…
Retrying…
Retrying…
Retrying…
Retrying…
Retrying…
Retrying…
Retrying…
Retrying…
Retrying…
Retrying…
Retrying…
Retrying…
Retrying…
Retrying…
Retrying…
Retrying…
Retrying…
Retrying…
Retrying…
Retrying…
Retrying…
Retrying…
Retrying…
Retrying…
Retrying…
Retrying…
Retrying…
Retrying…
Retrying…
Retrying…
Retrying…
Retrying…
Retrying…
Retrying…
Retrying…
Retrying…
Retrying…
Retrying…
Retrying…
Retrying…
Retrying…
Retrying…
Retrying…
Retrying…
Retrying…
Retrying…
Retrying…
Retrying…
Retrying…
Retrying…
Retrying…
Retrying…
Retrying…
Retrying…
Retrying…
Retrying…
Retrying…
Retrying…
Retrying…
Retrying…
Retrying…
Retrying…
Retrying…
Retrying…
Retrying…
Retrying…
Retrying…
Retrying…
Retrying…
Retrying…
Retrying…
Retrying…
Retrying…
Retrying…
Retrying…
Retrying…
Retrying…
Retrying…
Retrying…
Retrying…
Retrying…
Retrying…
Retrying…
Retrying…
Retrying…
Retrying…
Retrying…
Retrying…
Retrying…
Retrying…
Retrying…
Retrying…
Retrying…
Retrying…
Retrying…
Retrying…
Retrying…
Retrying…
Retrying…
Retrying…
Retrying…
Retrying…
Retrying…
Retrying…
Retrying…
Retrying…
Retrying…
Retrying…
Retrying…
Retrying…
Retrying…
Retrying…
Retrying…
Retrying…
Retrying…
Retrying…
Retrying…
Retrying…
Retrying…
Retrying…
Retrying…
Retrying…
Retrying…
Retrying…
Retrying…
Retrying…
Retrying…
Retrying…
Retrying…
Retrying…
Retrying…
Retrying…
Retrying…
Retrying…
Retrying…
Retrying…
Retrying…
Retrying…
Retrying…
Retrying…
Retrying…
Retrying…
Retrying…
Retrying…
Retrying…
Retrying…
Retrying…
Retrying…
Retrying…
Retrying…
Retrying…
Retrying…
Retrying…
Retrying…
Retrying…
Retrying…
Retrying…
Retrying…
Retrying…
Retrying…
Retrying…
Retrying…
Retrying…
Retrying…
Retrying…
Retrying…
Retrying…
Retrying…
Retrying…
Retrying…
Retrying…
Retrying…
Retrying…
Retrying…
Retrying…
Retrying…
Retrying…
Retrying…
Retrying…
Retrying…
Retrying…
Retrying…
Retrying…
Retrying…
Retrying…
Retrying…
Retrying…
Retrying…
Retrying…
Retrying…
Retrying…
Retrying…
Retrying…
Retrying…
Retrying…
Retrying…
Retrying…
[row] EGRESS_PE_64K_BROKER artifact_read c=8 nproc=64 n=960 rep=2 wall=22.71s wire=63MB errors=0
  P=64: 42 ent/s ~ 127 req/s
=== Phase D: py-spy profiles (single-process plateau attribution)
slurmstepd: error: *** JOB 34104536 ON sdfmilan258 CANCELLED AT 2026-08-03T17:25:46 ***
