node: sdfmilan258  cores: 120  start: 2026-08-03T12:23:46-07:00
=== Phase A: control (milano-exclusive vs interactive-node numbers)
{"dataset": "EGRESS_PE_1M_BROKER", "method": "container_export", "c": 1, "n": 200, "rep": 1, "artifact": "signal", "wall_s": 161.643, "entities": 200, "expected": 200, "errors": 0, "payload_mb": 209.715, "wire_mb": 210.249}
{"dataset": "EGRESS_PE_1M_BROKER", "method": "artifact_read", "c": 1, "n": 200, "rep": 1, "artifact": "signal", "wall_s": 40.894, "entities": 200, "expected": 200, "errors": 0, "payload_mb": 209.715, "wire_mb": 209.715}
{"dataset": "EGRESS_PE_1M_BROKER", "method": "asset_bytes", "c": 1, "n": 200, "rep": 1, "artifact": "signal", "wall_s": 47.652, "entities": 200, "expected": 200, "errors": 0, "payload_mb": 0.0, "wire_mb": 210.128}
{"dataset": "EGRESS_PE_16M_BROKER", "method": "container_export", "c": 1, "n": 32, "rep": 1, "artifact": "signal", "wall_s": 37.305, "entities": 32, "expected": 32, "errors": 0, "payload_mb": 536.871, "wire_mb": 537.121}
{"dataset": "EGRESS_PE_16M_BROKER", "method": "artifact_read", "c": 1, "n": 32, "rep": 1, "artifact": "signal", "wall_s": 15.778, "entities": 32, "expected": 32, "errors": 0, "payload_mb": 536.871, "wire_mb": 536.871}
{"dataset": "EGRESS_PE_16M_BROKER", "method": "container_export", "c": 8, "n": 32, "rep": 1, "artifact": "signal", "wall_s": 3.104, "entities": 32, "expected": 32, "errors": 0, "payload_mb": 536.871, "wire_mb": 537.121}
{"dataset": "EGRESS_PE_16M_BROKER", "method": "artifact_read", "c": 8, "n": 32, "rep": 1, "artifact": "signal", "wall_s": 3.358, "entities": 32, "expected": 32, "errors": 0, "payload_mb": 536.871, "wire_mb": 536.871}
{"dataset": "EGRESS_PE_16M_BROKER", "method": "container_export", "c": 16, "n": 32, "rep": 1, "artifact": "signal", "wall_s": 3.057, "entities": 32, "expected": 32, "errors": 0, "payload_mb": 536.871, "wire_mb": 537.121}
{"dataset": "EGRESS_PE_16M_BROKER", "method": "artifact_read", "c": 16, "n": 32, "rep": 1, "artifact": "signal", "wall_s": 3.78, "entities": 32, "expected": 32, "errors": 0, "payload_mb": 536.871, "wire_mb": 536.871}
{"dataset": "EGRESS_PE_1M_BROKER", "method": "container_export", "c": 1, "n": 200, "rep": 2, "artifact": "signal", "wall_s": 7.631, "entities": 200, "expected": 200, "errors": 0, "payload_mb": 209.715, "wire_mb": 210.249}
{"dataset": "EGRESS_PE_1M_BROKER", "method": "artifact_read", "c": 1, "n": 200, "rep": 2, "artifact": "signal", "wall_s": 40.219, "entities": 200, "expected": 200, "errors": 0, "payload_mb": 209.715, "wire_mb": 209.715}
{"dataset": "EGRESS_PE_1M_BROKER", "method": "asset_bytes", "c": 1, "n": 200, "rep": 2, "artifact": "signal", "wall_s": 45.873, "entities": 200, "expected": 200, "errors": 0, "payload_mb": 0.0, "wire_mb": 210.128}
{"dataset": "EGRESS_PE_16M_BROKER", "method": "container_export", "c": 1, "n": 32, "rep": 2, "artifact": "signal", "wall_s": 10.421, "entities": 32, "expected": 32, "errors": 0, "payload_mb": 536.871, "wire_mb": 537.121}
{"dataset": "EGRESS_PE_16M_BROKER", "method": "artifact_read", "c": 1, "n": 32, "rep": 2, "artifact": "signal", "wall_s": 14.405, "entities": 32, "expected": 32, "errors": 0, "payload_mb": 536.871, "wire_mb": 536.871}
{"dataset": "EGRESS_PE_16M_BROKER", "method": "container_export", "c": 8, "n": 32, "rep": 2, "artifact": "signal", "wall_s": 3.696, "entities": 32, "expected": 32, "errors": 0, "payload_mb": 536.871, "wire_mb": 537.121}
{"dataset": "EGRESS_PE_16M_BROKER", "method": "artifact_read", "c": 8, "n": 32, "rep": 2, "artifact": "signal", "wall_s": 4.262, "entities": 32, "expected": 32, "errors": 0, "payload_mb": 536.871, "wire_mb": 536.871}
{"dataset": "EGRESS_PE_16M_BROKER", "method": "container_export", "c": 16, "n": 32, "rep": 2, "artifact": "signal", "wall_s": 3.413, "entities": 32, "expected": 32, "errors": 0, "payload_mb": 536.871, "wire_mb": 537.121}
{"dataset": "EGRESS_PE_16M_BROKER", "method": "artifact_read", "c": 16, "n": 32, "rep": 2, "artifact": "signal", "wall_s": 2.937, "entities": 32, "expected": 32, "errors": 0, "payload_mb": 536.871, "wire_mb": 536.871}
{"dataset": "EGRESS_PE_1M_BROKER", "method": "container_export", "c": 1, "n": 200, "rep": 3, "artifact": "signal", "wall_s": 8.056, "entities": 200, "expected": 200, "errors": 0, "payload_mb": 209.715, "wire_mb": 210.249}
{"dataset": "EGRESS_PE_1M_BROKER", "method": "artifact_read", "c": 1, "n": 200, "rep": 3, "artifact": "signal", "wall_s": 38.539, "entities": 200, "expected": 200, "errors": 0, "payload_mb": 209.715, "wire_mb": 209.715}
{"dataset": "EGRESS_PE_1M_BROKER", "method": "asset_bytes", "c": 1, "n": 200, "rep": 3, "artifact": "signal", "wall_s": 45.53, "entities": 200, "expected": 200, "errors": 0, "payload_mb": 0.0, "wire_mb": 210.128}
{"dataset": "EGRESS_PE_16M_BROKER", "method": "container_export", "c": 1, "n": 32, "rep": 3, "artifact": "signal", "wall_s": 10.162, "entities": 32, "expected": 32, "errors": 0, "payload_mb": 536.871, "wire_mb": 537.121}
{"dataset": "EGRESS_PE_16M_BROKER", "method": "artifact_read", "c": 1, "n": 32, "rep": 3, "artifact": "signal", "wall_s": 14.599, "entities": 32, "expected": 32, "errors": 0, "payload_mb": 536.871, "wire_mb": 536.871}
{"dataset": "EGRESS_PE_16M_BROKER", "method": "container_export", "c": 8, "n": 32, "rep": 3, "artifact": "signal", "wall_s": 3.219, "entities": 32, "expected": 32, "errors": 0, "payload_mb": 536.871, "wire_mb": 537.121}
{"dataset": "EGRESS_PE_16M_BROKER", "method": "artifact_read", "c": 8, "n": 32, "rep": 3, "artifact": "signal", "wall_s": 3.966, "entities": 32, "expected": 32, "errors": 0, "payload_mb": 536.871, "wire_mb": 536.871}
{"dataset": "EGRESS_PE_16M_BROKER", "method": "container_export", "c": 16, "n": 32, "rep": 3, "artifact": "signal", "wall_s": 2.913, "entities": 32, "expected": 32, "errors": 0, "payload_mb": 536.871, "wire_mb": 537.121}
{"dataset": "EGRESS_PE_16M_BROKER", "method": "artifact_read", "c": 16, "n": 32, "rep": 3, "artifact": "signal", "wall_s": 3.541, "entities": 32, "expected": 32, "errors": 0, "payload_mb": 536.871, "wire_mb": 536.871}
Retrying…
Retrying…
Retrying…
Retrying…
Retrying…
[row] EGRESS_PE_16M_BROKER asset_bytes c=1 nproc=8 n=48 rep=1 wall=13.73s wire=805MB errors=0
Retrying…
Retrying…
Retrying…
Retrying…
Retrying…
Retrying…
[row] EGRESS_PE_16M_BROKER asset_bytes c=1 nproc=8 n=48 rep=2 wall=3.89s wire=789MB errors=1
Retrying…
Retrying…
Retrying…
Retrying…
Retrying…
Retrying…
Retrying…
[row] EGRESS_PE_16M_BROKER asset_bytes c=1 nproc=8 n=48 rep=3 wall=3.77s wire=805MB errors=0
=== Phase B: bandwidth ladder (asset_bytes processes)
Retrying…
Retrying…
Retrying…
Retrying…
Retrying…
Retrying…
Retrying…
Retrying…
Retrying…
Retrying…
Retrying…
Retrying…
Retrying…
Retrying…
Retrying…
Retrying…
[row] EGRESS_PE_16M_BROKER asset_bytes c=1 nproc=8 n=256 rep=1 wall=44.95s wire=4279MB errors=1
  P=8: 95 MB/s aggregate
Retrying…
Retrying…
Retrying…
Retrying…
Retrying…
Retrying…
Retrying…
Retrying…
Retrying…
Retrying…
Retrying…
Retrying…
Retrying…
Retrying…
Retrying…
Retrying…
Retrying…
Retrying…
[row] EGRESS_PE_16M_BROKER asset_bytes c=1 nproc=8 n=256 rep=2 wall=17.53s wire=4245MB errors=3
  P=8: 242 MB/s aggregate
Retrying…
Retrying…
Retrying…
Retrying…
Retrying…
Retrying…
Retrying…
Retrying…
Retrying…
Retrying…
Retrying…
Retrying…
Retrying…
Retrying…
Retrying…
Retrying…
Retrying…
Retrying…
Retrying…
Retrying…
Retrying…
Retrying…
Retrying…
Retrying…
Retrying…
Retrying…
Retrying…
Retrying…
Retrying…
Retrying…
Retrying…
Retrying…
Retrying…
Retrying…
Retrying…
Retrying…
Retrying…
Retrying…
Retrying…
Retrying…
Retrying…
Retrying…
Retrying…
Retrying…
Retrying…
Retrying…
Retrying…
Retrying…
Retrying…
Retrying…
Retrying…
[row] EGRESS_PE_16M_BROKER asset_bytes c=1 nproc=16 n=256 rep=1 wall=12.79s wire=4094MB errors=12
  P=16: 320 MB/s aggregate
Retrying…
Retrying…
Retrying…
Retrying…
Retrying…
Retrying…
Retrying…
Retrying…
Retrying…
Retrying…
Retrying…
Retrying…
Retrying…
Retrying…
Retrying…
Retrying…
Retrying…
Retrying…
Retrying…
Retrying…
Retrying…
Retrying…
Retrying…
Retrying…
Retrying…
Retrying…
Retrying…
Retrying…
Retrying…
Retrying…
Retrying…
Retrying…
Retrying…
Retrying…
Retrying…
Retrying…
Retrying…
[row] EGRESS_PE_16M_BROKER asset_bytes c=1 nproc=16 n=256 rep=2 wall=12.26s wire=4094MB errors=12
  P=16: 334 MB/s aggregate
Retrying…
Retrying…
Retrying…
Retrying…
Retrying…
Retrying…
Retrying…
Retrying…
Retrying…
Retrying…
Retrying…
Retrying…
Retrying…
Retrying…
Retrying…
Retrying…
Retrying…
Retrying…
Retrying…
Retrying…
Retrying…
Retrying…
Retrying…
Retrying…
Retrying…
Retrying…
Retrying…
Retrying…
Retrying…
Retrying…
Retrying…
Retrying…
Retrying…
Retrying…
Retrying…
Retrying…
Retrying…
Retrying…
Retrying…
Retrying…
Retrying…
Retrying…
Retrying…
Retrying…
Retrying…
Retrying…
Retrying…
Retrying…
Retrying…
Retrying…
Retrying…
Retrying…
Retrying…
Retrying…
Retrying…
Retrying…
Retrying…
Retrying…
Retrying…
Retrying…
Retrying…
Retrying…
Retrying…
Retrying…
Retrying…
Retrying…
Retrying…
Retrying…
Retrying…
Retrying…
Retrying…
Retrying…
Retrying…
Retrying…
Retrying…
Retrying…
Retrying…
Retrying…
Retrying…
Retrying…
Retrying…
Retrying…
[row] EGRESS_PE_16M_BROKER asset_bytes c=1 nproc=32 n=256 rep=1 wall=8.12s wire=4061MB errors=14
  P=32: 500 MB/s aggregate
[abort] error rate too high at P=32
=== Phase B2: whole-file streams (same 1.05 GB file x P)
[row] EGRESS_BAT_1M_BROKER asset_bytes c=1 nproc=4 n=1000 rep=1 wall=13.71s wire=4194MB errors=0
  P=4: 306 MB/s aggregate
Retrying…
[row] EGRESS_BAT_1M_BROKER asset_bytes c=1 nproc=4 n=1000 rep=2 wall=15.44s wire=4194MB errors=0
  P=4: 272 MB/s aggregate
Retrying…
Retrying…
Retrying…
Retrying…
[row] EGRESS_BAT_1M_BROKER asset_bytes c=1 nproc=8 n=1000 rep=1 wall=16.21s wire=8389MB errors=0
  P=8: 518 MB/s aggregate
Retrying…
Retrying…
Retrying…
Retrying…
Retrying…
[row] EGRESS_BAT_1M_BROKER asset_bytes c=1 nproc=8 n=1000 rep=2 wall=14.39s wire=8389MB errors=0
  P=8: 583 MB/s aggregate
Retrying…
Retrying…
Retrying…
Retrying…
Retrying…
Retrying…
Retrying…
Retrying…
Retrying…
Retrying…
Retrying…
[row] EGRESS_BAT_1M_BROKER asset_bytes c=1 nproc=16 n=1000 rep=1 wall=21.85s wire=15729MB errors=1
  P=16: 720 MB/s aggregate
Retrying…
Retrying…
Retrying…
Retrying…
Retrying…
Retrying…
Retrying…
Retrying…
Retrying…
Retrying…
Retrying…
Retrying…
[row] EGRESS_BAT_1M_BROKER asset_bytes c=1 nproc=16 n=1000 rep=2 wall=18.80s wire=16778MB errors=0
  P=16: 893 MB/s aggregate
Retrying…
Retrying…
Retrying…
Retrying…
Retrying…
Retrying…
Retrying…
Retrying…
Retrying…
Retrying…
Retrying…
Retrying…
Retrying…
Retrying…
Retrying…
Retrying…
Retrying…
Retrying…
Retrying…
Retrying…
Retrying…
Retrying…
Retrying…
Retrying…
Retrying…
Retrying…
Retrying…
Retrying…
Retrying…
Retrying…
Retrying…
Retrying…
Retrying…
Retrying…
Retrying…
Retrying…
Retrying…
Retrying…
Retrying…
Retrying…
Retrying…
Retrying…
Retrying…
Retrying…
Retrying…
Retrying…
Retrying…
Retrying…
Retrying…
Retrying…
Retrying…
Retrying…
Retrying…
Retrying…
Retrying…
Retrying…
[row] EGRESS_BAT_1M_BROKER asset_bytes c=1 nproc=32 n=1000 rep=1 wall=27.13s wire=32506MB errors=1
  P=32: 1198 MB/s aggregate
Retrying…
Retrying…
Retrying…
Retrying…
Retrying…
Retrying…
Retrying…
Retrying…
Retrying…
Retrying…
Retrying…
Retrying…
Retrying…
Retrying…
Retrying…
Retrying…
Retrying…
Retrying…
Retrying…
Retrying…
Retrying…
Retrying…
Retrying…
Retrying…
Retrying…
Retrying…
Retrying…
Retrying…
Retrying…
Retrying…
Retrying…
Retrying…
Retrying…
Retrying…
Retrying…
Retrying…
Retrying…
Retrying…
Retrying…
Retrying…
Retrying…
Retrying…
Retrying…
Retrying…
Retrying…
Retrying…
Retrying…
Retrying…
Retrying…
Retrying…
Retrying…
Retrying…
Retrying…
Retrying…
Retrying…
Retrying…
Retrying…
Retrying…
Retrying…
Retrying…
[row] EGRESS_BAT_1M_BROKER asset_bytes c=1 nproc=32 n=1000 rep=2 wall=21.90s wire=32506MB errors=1
  P=32: 1484 MB/s aggregate
=== Phase C: request-rate ladder (artifact_read 64K, P procs x 8 threads)
Retrying…
Retrying…
Retrying…
[row] EGRESS_PE_64K_BROKER artifact_read c=8 nproc=4 n=1000 rep=1 wall=139.74s wire=66MB errors=0
  P=4: 7 ent/s ~ 21 req/s
[row] EGRESS_PE_64K_BROKER artifact_read c=8 nproc=4 n=1000 rep=2 wall=16.80s wire=66MB errors=0
  P=4: 60 ent/s ~ 179 req/s
Retrying…
Retrying…
Retrying…
Retrying…
Retrying…
Retrying…
[row] EGRESS_PE_64K_BROKER artifact_read c=8 nproc=8 n=1000 rep=1 wall=16.09s wire=66MB errors=0
  P=8: 62 ent/s ~ 186 req/s
Retrying…
Retrying…
[row] EGRESS_PE_64K_BROKER artifact_read c=8 nproc=8 n=1000 rep=2 wall=14.87s wire=66MB errors=0
  P=8: 67 ent/s ~ 202 req/s
Retrying…
Retrying…
Retrying…
Retrying…
Retrying…
Retrying…
Retrying…
Retrying…
Retrying…
Retrying…
Retrying…
Retrying…
Retrying…
Retrying…
Retrying…
[row] EGRESS_PE_64K_BROKER artifact_read c=8 nproc=16 n=992 rep=1 wall=15.44s wire=65MB errors=0
  P=16: 64 ent/s ~ 193 req/s
Retrying…
Retrying…
Retrying…
Retrying…
Retrying…
Retrying…
Retrying…
Retrying…
Retrying…
Retrying…
Retrying…
Retrying…
Retrying…
Retrying…
Retrying…
Retrying…
Retrying…
Retrying…
Retrying…
Retrying…
Retrying…
Retrying…
Retrying…
Retrying…
[row] EGRESS_PE_64K_BROKER artifact_read c=8 nproc=16 n=992 rep=2 wall=16.48s wire=65MB errors=0
  P=16: 60 ent/s ~ 181 req/s
Retrying…
Retrying…
Retrying…
Retrying…
Retrying…
Retrying…
Retrying…
Retrying…
Retrying…
Retrying…
Retrying…
Retrying…
Retrying…
Retrying…
Retrying…
Retrying…
Retrying…
Retrying…
Retrying…
Retrying…
Retrying…
Retrying…
Retrying…
Retrying…
Retrying…
Retrying…
Retrying…
Retrying…
Retrying…
Retrying…
Retrying…
Retrying…
Retrying…
Retrying…
Retrying…
Retrying…
Retrying…
Retrying…
Retrying…
Retrying…
Retrying…
Retrying…
Retrying…
Retrying…
Retrying…
Retrying…
Retrying…
Retrying…
Retrying…
Retrying…
Retrying…
Retrying…
Retrying…
Retrying…
Retrying…
Retrying…
Retrying…
Retrying…
Retrying…
Retrying…
Retrying…
Retrying…
Retrying…
Retrying…
Retrying…
Retrying…
Retrying…
Retrying…
Retrying…
Retrying…
Retrying…
Retrying…
Retrying…
[row] EGRESS_PE_64K_BROKER artifact_read c=8 nproc=32 n=992 rep=1 wall=26.69s wire=65MB errors=0
  P=32: 37 ent/s ~ 112 req/s
Retrying…
Retrying…
Retrying…
Retrying…
Retrying…
Retrying…
Retrying…
Retrying…
Retrying…
Retrying…
Retrying…
Retrying…
Retrying…
Retrying…
Retrying…
Retrying…
Retrying…
Retrying…
Retrying…
Retrying…
Retrying…
Retrying…
Retrying…
Retrying…
Retrying…
Retrying…
Retrying…
Retrying…
Retrying…
Retrying…
Retrying…
Retrying…
Retrying…
Retrying…
Retrying…
Retrying…
Retrying…
Retrying…
Retrying…
Retrying…
Retrying…
Retrying…
Retrying…
Retrying…
Retrying…
Retrying…
Retrying…
Retrying…
Retrying…
Retrying…
Retrying…
Retrying…
Retrying…
Retrying…
Retrying…
Retrying…
Retrying…
Retrying…
Retrying…
Retrying…
Retrying…
Retrying…
Retrying…
Retrying…
Retrying…
Retrying…
[row] EGRESS_PE_64K_BROKER artifact_read c=8 nproc=32 n=992 rep=2 wall=31.85s wire=65MB errors=1
  P=32: 31 ent/s ~ 93 req/s
Retrying…
Retrying…
Retrying…
Retrying…
Retrying…
Retrying…
Retrying…
Retrying…
Retrying…
Retrying…
Retrying…
Retrying…
Retrying…
Retrying…
Retrying…
Retrying…
Retrying…
Retrying…
Retrying…
Retrying…
Retrying…
Retrying…
Retrying…
Retrying…
Retrying…
Retrying…
Retrying…
Retrying…
Retrying…
Retrying…
Retrying…
Retrying…
Retrying…
Retrying…
Retrying…
Retrying…
Retrying…
Retrying…
Retrying…
Retrying…
Retrying…
Retrying…
Retrying…
Retrying…
Retrying…
Retrying…
Retrying…
Retrying…
Retrying…
Retrying…
Retrying…
Retrying…
Retrying…
Retrying…
Retrying…
Retrying…
Retrying…
Retrying…
Retrying…
Retrying…
Retrying…
Retrying…
Retrying…
Retrying…
Retrying…
Retrying…
Retrying…
Retrying…
Retrying…
Retrying…
Retrying…
Retrying…
Retrying…
Retrying…
Retrying…
Retrying…
Retrying…
Retrying…
Retrying…
Retrying…
Retrying…
Retrying…
Retrying…
Retrying…
Retrying…
Retrying…
Retrying…
Retrying…
Retrying…
Retrying…
Retrying…
Retrying…
Retrying…
Retrying…
Retrying…
Retrying…
Retrying…
Retrying…
Retrying…
Retrying…
Retrying…
Retrying…
Retrying…
Retrying…
Retrying…
Retrying…
Retrying…
Retrying…
Retrying…
Retrying…
Retrying…
Retrying…
Retrying…
Retrying…
Retrying…
Retrying…
Retrying…
Retrying…
Retrying…
Retrying…
Retrying…
Retrying…
Retrying…
Retrying…
Retrying…
Retrying…
Retrying…
Retrying…
Retrying…
Retrying…
Retrying…
Retrying…
Retrying…
Retrying…
Retrying…
Retrying…
Retrying…
Retrying…
Retrying…
Retrying…
Retrying…
Retrying…
Retrying…
Retrying…
Retrying…
Retrying…
Retrying…
Retrying…
Retrying…
Retrying…
Retrying…
Retrying…
Retrying…
Retrying…
Retrying…
Retrying…
Retrying…
Retrying…
Retrying…
Retrying…
Retrying…
Retrying…
Retrying…
Retrying…
Retrying…
Retrying…
Retrying…
Retrying…
Retrying…
Retrying…
Retrying…
Retrying…
Retrying…
Retrying…
Retrying…
Retrying…
Retrying…
Retrying…
Retrying…
Retrying…
Retrying…
Retrying…
Retrying…
Retrying…
Retrying…
Retrying…
Retrying…
Retrying…
Retrying…
Retrying…
Retrying…
Retrying…
Retrying…
Retrying…
Retrying…
Retrying…
Retrying…
Retrying…
Retrying…
Retrying…
Retrying…
Retrying…
Retrying…
Retrying…
Retrying…
Retrying…
Retrying…
Retrying…
Retrying…
Retrying…
Retrying…
Retrying…
Retrying…
Retrying…
Retrying…
Retrying…
Retrying…
Retrying…
Retrying…
Retrying…
Retrying…
Retrying…
Retrying…
Retrying…
Retrying…
Retrying…
Retrying…
Retrying…
Retrying…
Retrying…
Retrying…
Retrying…
Retrying…
Retrying…
Retrying…
Retrying…
Retrying…
Retrying…
Retrying…
Retrying…
Retrying…
Retrying…
Retrying…
Retrying…
Retrying…
Retrying…
Retrying…
Retrying…
Retrying…
Retrying…
Retrying…
Retrying…
Retrying…
Retrying…
Retrying…
Retrying…
Retrying…
Retrying…
Retrying…
Retrying…
Retrying…
Retrying…
Retrying…
Retrying…
Retrying…
Retrying…
Retrying…
Retrying…
Retrying…
Retrying…
Retrying…
Retrying…
Retrying…
Retrying…
Retrying…
Retrying…
Retrying…
Retrying…
Retrying…
Retrying…
Retrying…
Retrying…
Retrying…
Retrying…
Retrying…
Retrying…
Retrying…
Retrying…
Retrying…
Retrying…
Retrying…
Retrying…
Retrying…
Retrying…
Retrying…
Retrying…
Retrying…
Retrying…
Retrying…
Retrying…
Retrying…
Retrying…
Retrying…
Retrying…
Retrying…
Retrying…
Retrying…
Retrying…
Retrying…
Retrying…
Retrying…
Retrying…
Retrying…
Traceback (most recent call last):
  File "/sdf/data/lcls/ds/prj/prjmaiqmag01/results/ajshack/tiled-bench/_egbench_ws/ceiling/arread_shard.py", line 40, in <module>
    keys = list(nodes[0].keys())[args.offset:args.offset + args.n]
           ^^^^^^^^^^^^^^^^^^^^^
  File "/sdf/data/lcls/ds/prj/prjmaiqmag01/results/ajshack/tiled-bench/.venv/lib/python3.12/site-packages/tiled/iterviews.py", line 88, in __iter__
    yield from self._keys_slice(0, None, 1, self._page_size)
  File "/sdf/data/lcls/ds/prj/prjmaiqmag01/results/ajshack/tiled-bench/.venv/lib/python3.12/site-packages/tiled/client/container.py", line 458, in _keys_slice
    for attempt in retry_context():
                   ^^^^^^^^^^^^^^^
  File "/sdf/data/lcls/ds/prj/prjmaiqmag01/results/ajshack/tiled-bench/.venv/lib/python3.12/site-packages/tiled/client/utils.py", line 214, in retry_context
    attempt = next(it)
              ^^^^^^^^
  File "/sdf/data/lcls/ds/prj/prjmaiqmag01/results/ajshack/tiled-bench/.venv/lib/python3.12/site-packages/stamina/_core.py", line 581, in __iter__
    for r in _t.Retrying(
             ^^^^^^^^^^^^
  File "/sdf/data/lcls/ds/prj/prjmaiqmag01/results/ajshack/tiled-bench/.venv/lib/python3.12/site-packages/tenacity/__init__.py", line 438, in __iter__
    do = self.iter(retry_state=retry_state)
         ^^^^^^^^^^^^^^^^^^^^^^^^^^^^^^^^^^
  File "/sdf/data/lcls/ds/prj/prjmaiqmag01/results/ajshack/tiled-bench/.venv/lib/python3.12/site-packages/tenacity/__init__.py", line 371, in iter
    result = action(retry_state)
             ^^^^^^^^^^^^^^^^^^^
  File "/sdf/data/lcls/ds/prj/prjmaiqmag01/results/ajshack/tiled-bench/.venv/lib/python3.12/site-packages/tenacity/__init__.py", line 413, in exc_check
    raise retry_exc.reraise()
          ^^^^^^^^^^^^^^^^^^^
  File "/sdf/data/lcls/ds/prj/prjmaiqmag01/results/ajshack/tiled-bench/.venv/lib/python3.12/site-packages/tenacity/__init__.py", line 184, in reraise
    raise self.last_attempt.result()
          ^^^^^^^^^^^^^^^^^^^^^^^^^^
  File "/sdf/home/a/ajshack/.local/share/uv/python/cpython-3.12.12-linux-x86_64-gnu/lib/python3.12/concurrent/futures/_base.py", line 449, in result
    return self.__get_result()
           ^^^^^^^^^^^^^^^^^^^
  File "/sdf/home/a/ajshack/.local/share/uv/python/cpython-3.12.12-linux-x86_64-gnu/lib/python3.12/concurrent/futures/_base.py", line 401, in __get_result
    raise self._exception
  File "/sdf/data/lcls/ds/prj/prjmaiqmag01/results/ajshack/tiled-bench/.venv/lib/python3.12/site-packages/tiled/client/container.py", line 460, in _keys_slice
    content = handle_error(
              ^^^^^^^^^^^^^
  File "/sdf/data/lcls/ds/prj/prjmaiqmag01/results/ajshack/tiled-bench/.venv/lib/python3.12/site-packages/tiled/client/utils.py", line 86, in handle_error
    raise_for_status(response)
  File "/sdf/data/lcls/ds/prj/prjmaiqmag01/results/ajshack/tiled-bench/.venv/lib/python3.12/site-packages/tiled/client/utils.py", line 79, in raise_for_status
    raise httpx.HTTPStatusError(message, request=request, response=response)
httpx.HTTPStatusError: Server error '500 Internal Server Error' for url 'https://lcls-data-portal.slac.stanford.edu/tiled-test/api/v1/search/EGRESS_PE_64K_BROKER?page%5Bcursor%5D=318759&page%5Blimit%5D=100&fields='
For more information, server admin can search server logs for correlation ID 8a2fa04db3eeab93.
Retrying…
[warn] 1/64 procs died
[row] EGRESS_PE_64K_BROKER artifact_read c=8 nproc=64 n=960 rep=1 wall=30.48s wire=62MB errors=1000
  P=64: 31 ent/s ~ 93 req/s
[abort] error rate too high at P=64
=== Phase D: py-spy profiles (single-process plateau attribution)
[profile] arread_c16_pe16m: rc=1 Error: No child process (os error 10)
[profile] arread_c16_pe16m_gil: rc=0 
[profile] export_c8_pe16m: rc=0 
[profile] assetbytes_c1_pe16m: rc=1 Error: No child process (os error 10)
CEILING JOB DONE
end: 2026-08-03T12:51:36-07:00
