node: sdfmilan262  start: 2026-08-19T01:02:23-07:00
== prewarm ==

real	0m5.985s
user	0m10.588s
sys	0m0.388s
== local catalog-size scaling (after-code, incl. fresh 10k) ==
Retrying…
[dm-local] n_cat=10     len(dataset)                0.018s  n=10 rep0
[dm-local] n_cat=10     len(dataset)                0.000s  n=10 rep1
[dm-local] n_cat=10     len(dataset)                0.000s  n=10 rep2
[dm-local] n_cat=10     sweep_full_items            0.055s  n=10 
[dm-local] n_cat=10     search_50pct                0.047s  n=5 p0>=5
[dm-local] n_cat=10     search_10pct                0.024s  n=1 p0>=9
[dm-local] n_cat=10     search_1pct                 0.021s  n=0 p0>=9.9
[dm-local] n_cat=100    len(dataset)                0.020s  n=100 rep0
[dm-local] n_cat=100    len(dataset)                0.000s  n=100 rep1
[dm-local] n_cat=100    len(dataset)                0.000s  n=100 rep2
[dm-local] n_cat=100    sweep_full_items            0.237s  n=100 
[dm-local] n_cat=100    search_50pct                0.134s  n=50 p0>=50
[dm-local] n_cat=100    search_10pct                0.042s  n=10 p0>=90
[dm-local] n_cat=100    search_1pct                 0.030s  n=1 p0>=99
[dm-local] n_cat=1000   len(dataset)                0.018s  n=1000 rep0
[dm-local] n_cat=1000   len(dataset)                0.000s  n=1000 rep1
[dm-local] n_cat=1000   len(dataset)                0.000s  n=1000 rep2
[dm-local] n_cat=1000   sweep_full_items            2.657s  n=1000 
[dm-local] n_cat=1000   search_50pct                1.437s  n=500 p0>=500
[dm-local] n_cat=1000   search_10pct                0.270s  n=100 p0>=900
[dm-local] n_cat=1000   search_1pct                 0.054s  n=10 p0>=990
Found 10000 HDF5 files
  Processed 1000/10000 entities...
  Processed 2000/10000 entities...
  Processed 3000/10000 entities...
  Processed 4000/10000 entities...
  Processed 5000/10000 entities...
  Processed 6000/10000 entities...
  Processed 7000/10000 entities...
  Processed 8000/10000 entities...
  Processed 9000/10000 entities...
  Processed 10000/10000 entities...
Entities: 10000 rows -> _bench_ws/dm10k/datasets/synth_per_entity_n10000/manifests/synth_per_entity_n10000/entities.parquet
Artifacts: 10000 rows -> _bench_ws/dm10k/datasets/synth_per_entity_n10000/manifests/synth_per_entity_n10000/artifacts.parquet
Created dataset container 'regbench_per_entity_n10000_local_w8_r0_1787126677900'
Pre-grouping artifacts by uid...

--- Registering per_entity_n10000_local_w8 (10000 entities via HTTP, pool=8) ---
  Progress: 5/10000 entities (1.8/sec)
  Progress: 10/10000 entities (3.1/sec)
  Progress: 15/10000 entities (4.1/sec)
  Progress: 20/10000 entities (5.0/sec)
  Progress: 25/10000 entities (5.7/sec)
  Progress: 30/10000 entities (6.4/sec)
  Progress: 35/10000 entities (6.7/sec)
  Progress: 40/10000 entities (7.2/sec)
  Progress: 45/10000 entities (7.7/sec)
  Progress: 50/10000 entities (8.1/sec)
  Progress: 55/10000 entities (8.2/sec)
  Progress: 60/10000 entities (8.5/sec)
  Progress: 65/10000 entities (8.7/sec)
  Progress: 70/10000 entities (9.0/sec)
  Progress: 75/10000 entities (9.0/sec)
  Progress: 80/10000 entities (9.2/sec)
  Progress: 85/10000 entities (9.2/sec)
  Progress: 90/10000 entities (9.3/sec)
  Progress: 95/10000 entities (9.5/sec)
  Progress: 100/10000 entities (9.6/sec)
  Progress: 105/10000 entities (9.7/sec)
  Progress: 110/10000 entities (10.0/sec)
  Progress: 115/10000 entities (10.0/sec)
  Progress: 120/10000 entities (10.2/sec)
  Progress: 125/10000 entities (10.2/sec)
  Progress: 130/10000 entities (10.2/sec)
  Progress: 135/10000 entities (10.2/sec)
  Progress: 140/10000 entities (10.2/sec)
  Progress: 145/10000 entities (10.2/sec)
  Progress: 150/10000 entities (10.2/sec)
  Progress: 155/10000 entities (10.2/sec)
  Progress: 160/10000 entities (10.2/sec)
  Progress: 165/10000 entities (10.3/sec)
  Progress: 170/10000 entities (10.3/sec)
  Progress: 175/10000 entities (10.3/sec)
  Progress: 180/10000 entities (10.3/sec)
  Progress: 185/10000 entities (10.2/sec)
  Progress: 190/10000 entities (10.2/sec)
  Progress: 195/10000 entities (10.3/sec)
  Progress: 200/10000 entities (10.3/sec)
  Progress: 205/10000 entities (10.4/sec)
  Progress: 210/10000 entities (10.4/sec)
  Progress: 215/10000 entities (10.6/sec)
  Progress: 220/10000 entities (10.5/sec)
  Progress: 225/10000 entities (10.5/sec)
  Progress: 230/10000 entities (10.5/sec)
  Progress: 235/10000 entities (10.5/sec)
  Progress: 240/10000 entities (10.5/sec)
  Progress: 245/10000 entities (10.6/sec)
  Progress: 250/10000 entities (10.6/sec)
  Progress: 255/10000 entities (10.6/sec)
  Progress: 260/10000 entities (10.6/sec)
  Progress: 265/10000 entities (10.7/sec)
  Progress: 270/10000 entities (10.7/sec)
  Progress: 275/10000 entities (10.7/sec)
  Progress: 280/10000 entities (10.8/sec)
  Progress: 285/10000 entities (10.7/sec)
  Progress: 290/10000 entities (10.8/sec)
  Progress: 295/10000 entities (10.8/sec)
  Progress: 300/10000 entities (10.8/sec)
  Progress: 305/10000 entities (10.8/sec)
  Progress: 310/10000 entities (10.8/sec)
  Progress: 315/10000 entities (10.8/sec)
  Progress: 320/10000 entities (10.8/sec)
  Progress: 325/10000 entities (10.9/sec)
  Progress: 330/10000 entities (10.9/sec)
  Progress: 335/10000 entities (11.0/sec)
  Progress: 340/10000 entities (10.9/sec)
  Progress: 345/10000 entities (10.9/sec)
  Progress: 350/10000 entities (10.9/sec)
  Progress: 355/10000 entities (11.0/sec)
  Progress: 360/10000 entities (11.0/sec)
  Progress: 365/10000 entities (11.0/sec)
  Progress: 370/10000 entities (11.0/sec)
  Progress: 375/10000 entities (11.0/sec)
  Progress: 380/10000 entities (11.0/sec)
  Progress: 385/10000 entities (11.0/sec)
  Progress: 390/10000 entities (11.0/sec)
  Progress: 395/10000 entities (11.0/sec)
  Progress: 400/10000 entities (11.0/sec)
  Progress: 405/10000 entities (11.0/sec)
  Progress: 410/10000 entities (11.0/sec)
  Progress: 415/10000 entities (11.0/sec)
  Progress: 420/10000 entities (11.0/sec)
  Progress: 425/10000 entities (11.0/sec)
  Progress: 430/10000 entities (11.0/sec)
  Progress: 435/10000 entities (11.0/sec)
  Progress: 440/10000 entities (11.0/sec)
  Progress: 445/10000 entities (11.0/sec)
  Progress: 450/10000 entities (11.0/sec)
  Progress: 455/10000 entities (11.0/sec)
  Progress: 460/10000 entities (11.0/sec)
  Progress: 465/10000 entities (11.0/sec)
  Progress: 470/10000 entities (11.0/sec)
  Progress: 475/10000 entities (11.0/sec)
  Progress: 480/10000 entities (11.0/sec)
  Progress: 485/10000 entities (11.0/sec)
  Progress: 490/10000 entities (11.0/sec)
  Progress: 495/10000 entities (11.0/sec)
  Progress: 500/10000 entities (11.0/sec)
  Progress: 505/10000 entities (11.0/sec)
  Progress: 510/10000 entities (11.0/sec)
  Progress: 515/10000 entities (11.0/sec)
  Progress: 520/10000 entities (11.0/sec)
  Progress: 525/10000 entities (11.0/sec)
  Progress: 530/10000 entities (10.9/sec)
  Progress: 535/10000 entities (10.9/sec)
  Progress: 540/10000 entities (10.9/sec)
  Progress: 545/10000 entities (10.9/sec)
  Progress: 550/10000 entities (10.9/sec)
  Progress: 555/10000 entities (10.9/sec)
  Progress: 560/10000 entities (10.9/sec)
  Progress: 565/10000 entities (10.9/sec)
  Progress: 570/10000 entities (10.9/sec)
  Progress: 575/10000 entities (10.9/sec)
  Progress: 580/10000 entities (10.9/sec)
  Progress: 585/10000 entities (10.9/sec)
  Progress: 590/10000 entities (10.9/sec)
  Progress: 595/10000 entities (10.9/sec)
  Progress: 600/10000 entities (10.9/sec)
  Progress: 605/10000 entities (10.9/sec)
  Progress: 610/10000 entities (10.9/sec)
  Progress: 615/10000 entities (10.9/sec)
  Progress: 620/10000 entities (10.9/sec)
  Progress: 625/10000 entities (10.9/sec)
  Progress: 630/10000 entities (10.9/sec)
  Progress: 635/10000 entities (10.9/sec)
  Progress: 640/10000 entities (10.9/sec)
  Progress: 645/10000 entities (10.9/sec)
  Progress: 650/10000 entities (10.9/sec)
  Progress: 655/10000 entities (10.9/sec)
  Progress: 660/10000 entities (10.9/sec)
  Progress: 665/10000 entities (10.9/sec)
  Progress: 670/10000 entities (10.9/sec)
  Progress: 675/10000 entities (10.9/sec)
  Progress: 680/10000 entities (10.9/sec)
  Progress: 685/10000 entities (10.9/sec)
  Progress: 690/10000 entities (10.9/sec)
  Progress: 695/10000 entities (10.9/sec)
  Progress: 700/10000 entities (10.9/sec)
  Progress: 705/10000 entities (11.0/sec)
  Progress: 710/10000 entities (10.9/sec)
  Progress: 715/10000 entities (11.0/sec)
  Progress: 720/10000 entities (11.0/sec)
  Progress: 725/10000 entities (11.0/sec)
  Progress: 730/10000 entities (11.0/sec)
  Progress: 735/10000 entities (11.0/sec)
  Progress: 740/10000 entities (11.0/sec)
  Progress: 745/10000 entities (11.0/sec)
  Progress: 750/10000 entities (11.0/sec)
  Progress: 755/10000 entities (11.0/sec)
  Progress: 760/10000 entities (11.1/sec)
  Progress: 765/10000 entities (11.1/sec)
  Progress: 770/10000 entities (11.1/sec)
  Progress: 775/10000 entities (11.1/sec)
  Progress: 780/10000 entities (11.1/sec)
  Progress: 785/10000 entities (11.1/sec)
  Progress: 790/10000 entities (11.1/sec)
  Progress: 795/10000 entities (11.1/sec)
  Progress: 800/10000 entities (11.1/sec)
  Progress: 805/10000 entities (11.1/sec)
  Progress: 810/10000 entities (11.1/sec)
  Progress: 815/10000 entities (11.1/sec)
  Progress: 820/10000 entities (11.1/sec)
  Progress: 825/10000 entities (11.1/sec)
  Progress: 830/10000 entities (11.1/sec)
  Progress: 835/10000 entities (11.1/sec)
  Progress: 840/10000 entities (11.1/sec)
  Progress: 845/10000 entities (11.1/sec)
  Progress: 850/10000 entities (11.1/sec)
  Progress: 855/10000 entities (11.1/sec)
  Progress: 860/10000 entities (11.2/sec)
  Progress: 865/10000 entities (11.2/sec)
  Progress: 870/10000 entities (11.1/sec)
  Progress: 875/10000 entities (11.1/sec)
  Progress: 880/10000 entities (11.1/sec)
  Progress: 885/10000 entities (11.1/sec)
  Progress: 890/10000 entities (11.1/sec)
  Progress: 895/10000 entities (11.1/sec)
  Progress: 900/10000 entities (11.1/sec)
  Progress: 905/10000 entities (11.1/sec)
  Progress: 910/10000 entities (11.1/sec)
  Progress: 915/10000 entities (11.2/sec)
  Progress: 920/10000 entities (11.2/sec)
  Progress: 925/10000 entities (11.2/sec)
  Progress: 930/10000 entities (11.2/sec)
  Progress: 935/10000 entities (11.2/sec)
  Progress: 940/10000 entities (11.2/sec)
  Progress: 945/10000 entities (11.2/sec)
  Progress: 950/10000 entities (11.2/sec)
  Progress: 955/10000 entities (11.2/sec)
  Progress: 960/10000 entities (11.2/sec)
  Progress: 965/10000 entities (11.2/sec)
  Progress: 970/10000 entities (11.2/sec)
  Progress: 975/10000 entities (11.2/sec)
  Progress: 980/10000 entities (11.2/sec)
  Progress: 985/10000 entities (11.2/sec)
  Progress: 990/10000 entities (11.2/sec)
  Progress: 995/10000 entities (11.2/sec)
  Progress: 1000/10000 entities (11.2/sec)
  Progress: 1005/10000 entities (11.2/sec)
  Progress: 1010/10000 entities (11.2/sec)
  Progress: 1015/10000 entities (11.2/sec)
  Progress: 1020/10000 entities (11.2/sec)
  Progress: 1025/10000 entities (11.2/sec)
  Progress: 1030/10000 entities (11.2/sec)
  Progress: 1035/10000 entities (11.2/sec)
  Progress: 1040/10000 entities (11.2/sec)
  Progress: 1045/10000 entities (11.2/sec)
  Progress: 1050/10000 entities (11.2/sec)
  Progress: 1055/10000 entities (11.2/sec)
  Progress: 1060/10000 entities (11.2/sec)
  Progress: 1065/10000 entities (11.2/sec)
  Progress: 1070/10000 entities (11.2/sec)
  Progress: 1075/10000 entities (11.2/sec)
  Progress: 1080/10000 entities (11.2/sec)
  Progress: 1085/10000 entities (11.2/sec)
  Progress: 1090/10000 entities (11.3/sec)
  Progress: 1095/10000 entities (11.3/sec)
  Progress: 1100/10000 entities (11.3/sec)
  Progress: 1105/10000 entities (11.3/sec)
  Progress: 1110/10000 entities (11.3/sec)
  Progress: 1115/10000 entities (11.3/sec)
  Progress: 1120/10000 entities (11.3/sec)
  Progress: 1125/10000 entities (11.3/sec)
  Progress: 1130/10000 entities (11.3/sec)
  Progress: 1135/10000 entities (11.3/sec)
  Progress: 1140/10000 entities (11.3/sec)
  Progress: 1145/10000 entities (11.3/sec)
  Progress: 1150/10000 entities (11.3/sec)
  Progress: 1155/10000 entities (11.3/sec)
  Progress: 1160/10000 entities (11.2/sec)
  Progress: 1165/10000 entities (11.2/sec)
  Progress: 1170/10000 entities (11.3/sec)
  Progress: 1175/10000 entities (11.3/sec)
  Progress: 1180/10000 entities (11.2/sec)
  Progress: 1185/10000 entities (11.3/sec)
  Progress: 1190/10000 entities (11.3/sec)
  Progress: 1195/10000 entities (11.3/sec)
  Progress: 1200/10000 entities (11.3/sec)
  Progress: 1205/10000 entities (11.3/sec)
  Progress: 1210/10000 entities (11.3/sec)
  Progress: 1215/10000 entities (11.3/sec)
  Progress: 1220/10000 entities (11.3/sec)
  Progress: 1225/10000 entities (11.3/sec)
  Progress: 1230/10000 entities (11.3/sec)
  Progress: 1235/10000 entities (11.3/sec)
  Progress: 1240/10000 entities (11.3/sec)
  Progress: 1245/10000 entities (11.3/sec)
  Progress: 1250/10000 entities (11.3/sec)
  Progress: 1255/10000 entities (11.3/sec)
  Progress: 1260/10000 entities (11.3/sec)
  Progress: 1265/10000 entities (11.3/sec)
  Progress: 1270/10000 entities (11.3/sec)
  Progress: 1275/10000 entities (11.3/sec)
  Progress: 1280/10000 entities (11.3/sec)
  Progress: 1285/10000 entities (11.3/sec)
  Progress: 1290/10000 entities (11.3/sec)
  Progress: 1295/10000 entities (11.4/sec)
  Progress: 1300/10000 entities (11.4/sec)
  Progress: 1305/10000 entities (11.4/sec)
  Progress: 1310/10000 entities (11.4/sec)
  Progress: 1315/10000 entities (11.4/sec)
  Progress: 1320/10000 entities (11.4/sec)
  Progress: 1325/10000 entities (11.4/sec)
  Progress: 1330/10000 entities (11.4/sec)
  Progress: 1335/10000 entities (11.4/sec)
  Progress: 1340/10000 entities (11.4/sec)
  Progress: 1345/10000 entities (11.4/sec)
  Progress: 1350/10000 entities (11.4/sec)
  Progress: 1355/10000 entities (11.4/sec)
  Progress: 1360/10000 entities (11.4/sec)
  Progress: 1365/10000 entities (11.4/sec)
  Progress: 1370/10000 entities (11.4/sec)
  Progress: 1375/10000 entities (11.4/sec)
  Progress: 1380/10000 entities (11.4/sec)
  Progress: 1385/10000 entities (11.4/sec)
  Progress: 1390/10000 entities (11.4/sec)
  Progress: 1395/10000 entities (11.4/sec)
  Progress: 1400/10000 entities (11.4/sec)
  Progress: 1405/10000 entities (11.4/sec)
  Progress: 1410/10000 entities (11.4/sec)
  Progress: 1415/10000 entities (11.4/sec)
  Progress: 1420/10000 entities (11.4/sec)
  Progress: 1425/10000 entities (11.4/sec)
  Progress: 1430/10000 entities (11.4/sec)
  Progress: 1435/10000 entities (11.4/sec)
  Progress: 1440/10000 entities (11.4/sec)
  Progress: 1445/10000 entities (11.4/sec)
  Progress: 1450/10000 entities (11.4/sec)
  Progress: 1455/10000 entities (11.4/sec)
  Progress: 1460/10000 entities (11.4/sec)
  Progress: 1465/10000 entities (11.5/sec)
  Progress: 1470/10000 entities (11.5/sec)
  Progress: 1475/10000 entities (11.5/sec)
  Progress: 1480/10000 entities (11.5/sec)
  Progress: 1485/10000 entities (11.5/sec)
  Progress: 1490/10000 entities (11.5/sec)
  Progress: 1495/10000 entities (11.5/sec)
  Progress: 1500/10000 entities (11.5/sec)
  Progress: 1505/10000 entities (11.5/sec)
  Progress: 1510/10000 entities (11.5/sec)
  Progress: 1515/10000 entities (11.5/sec)
  Progress: 1520/10000 entities (11.5/sec)
  Progress: 1525/10000 entities (11.5/sec)
  Progress: 1530/10000 entities (11.5/sec)
  Progress: 1535/10000 entities (11.5/sec)
  Progress: 1540/10000 entities (11.5/sec)
  Progress: 1545/10000 entities (11.5/sec)
  Progress: 1550/10000 entities (11.5/sec)
  Progress: 1555/10000 entities (11.5/sec)
  Progress: 1560/10000 entities (11.5/sec)
  Progress: 1565/10000 entities (11.5/sec)
  Progress: 1570/10000 entities (11.5/sec)
  Progress: 1575/10000 entities (11.5/sec)
  Progress: 1580/10000 entities (11.5/sec)
  Progress: 1585/10000 entities (11.5/sec)
  Progress: 1590/10000 entities (11.5/sec)
  Progress: 1595/10000 entities (11.5/sec)
  Progress: 1600/10000 entities (11.5/sec)
  Progress: 1605/10000 entities (11.5/sec)
  Progress: 1610/10000 entities (11.5/sec)
  Progress: 1615/10000 entities (11.5/sec)
  Progress: 1620/10000 entities (11.5/sec)
  Progress: 1625/10000 entities (11.5/sec)
  Progress: 1630/10000 entities (11.5/sec)
  Progress: 1635/10000 entities (11.5/sec)
  Progress: 1640/10000 entities (11.5/sec)
  Progress: 1645/10000 entities (11.5/sec)
  Progress: 1650/10000 entities (11.5/sec)
  Progress: 1655/10000 entities (11.5/sec)
  Progress: 1660/10000 entities (11.5/sec)
  Progress: 1665/10000 entities (11.5/sec)
  Progress: 1670/10000 entities (11.5/sec)
  Progress: 1675/10000 entities (11.5/sec)
  Progress: 1680/10000 entities (11.5/sec)
  Progress: 1685/10000 entities (11.5/sec)
  Progress: 1690/10000 entities (11.5/sec)
  Progress: 1695/10000 entities (11.5/sec)
  Progress: 1700/10000 entities (11.5/sec)
  Progress: 1705/10000 entities (11.5/sec)
  Progress: 1710/10000 entities (11.5/sec)
  Progress: 1715/10000 entities (11.5/sec)
  Progress: 1720/10000 entities (11.5/sec)
  Progress: 1725/10000 entities (11.5/sec)
  Progress: 1730/10000 entities (11.5/sec)
  Progress: 1735/10000 entities (11.5/sec)
  Progress: 1740/10000 entities (11.5/sec)
  Progress: 1745/10000 entities (11.5/sec)
  Progress: 1750/10000 entities (11.5/sec)
  Progress: 1755/10000 entities (11.5/sec)
  Progress: 1760/10000 entities (11.5/sec)
  Progress: 1765/10000 entities (11.5/sec)
  Progress: 1770/10000 entities (11.5/sec)
  Progress: 1775/10000 entities (11.5/sec)
  Progress: 1780/10000 entities (11.5/sec)
  Progress: 1785/10000 entities (11.5/sec)
  Progress: 1790/10000 entities (11.5/sec)
  Progress: 1795/10000 entities (11.5/sec)
  Progress: 1800/10000 entities (11.5/sec)
  Progress: 1805/10000 entities (11.5/sec)
  Progress: 1810/10000 entities (11.5/sec)
  Progress: 1815/10000 entities (11.5/sec)
  Progress: 1820/10000 entities (11.6/sec)
  Progress: 1825/10000 entities (11.6/sec)
  Progress: 1830/10000 entities (11.6/sec)
  Progress: 1835/10000 entities (11.6/sec)
  Progress: 1840/10000 entities (11.6/sec)
  Progress: 1845/10000 entities (11.6/sec)
  Progress: 1850/10000 entities (11.6/sec)
  Progress: 1855/10000 entities (11.6/sec)
  Progress: 1860/10000 entities (11.6/sec)
  Progress: 1865/10000 entities (11.6/sec)
  Progress: 1870/10000 entities (11.6/sec)
  Progress: 1875/10000 entities (11.6/sec)
  Progress: 1880/10000 entities (11.6/sec)
  Progress: 1885/10000 entities (11.6/sec)
  Progress: 1890/10000 entities (11.6/sec)
  Progress: 1895/10000 entities (11.6/sec)
  Progress: 1900/10000 entities (11.6/sec)
  Progress: 1905/10000 entities (11.6/sec)
  Progress: 1910/10000 entities (11.6/sec)
  Progress: 1915/10000 entities (11.6/sec)
  Progress: 1920/10000 entities (11.6/sec)
  Progress: 1925/10000 entities (11.7/sec)
  Progress: 1930/10000 entities (11.6/sec)
  Progress: 1935/10000 entities (11.7/sec)
  Progress: 1940/10000 entities (11.7/sec)
  Progress: 1945/10000 entities (11.7/sec)
  Progress: 1950/10000 entities (11.7/sec)
  Progress: 1955/10000 entities (11.7/sec)
  Progress: 1960/10000 entities (11.7/sec)
  Progress: 1965/10000 entities (11.7/sec)
  Progress: 1970/10000 entities (11.7/sec)
  Progress: 1975/10000 entities (11.7/sec)
  Progress: 1980/10000 entities (11.7/sec)
  Progress: 1985/10000 entities (11.7/sec)
  Progress: 1990/10000 entities (11.7/sec)
  Progress: 1995/10000 entities (11.7/sec)
  Progress: 2000/10000 entities (11.7/sec)
  Progress: 2005/10000 entities (11.7/sec)
  Progress: 2010/10000 entities (11.8/sec)
  Progress: 2015/10000 entities (11.8/sec)
  Progress: 2020/10000 entities (11.8/sec)
  Progress: 2025/10000 entities (11.8/sec)
  Progress: 2030/10000 entities (11.8/sec)
  Progress: 2035/10000 entities (11.8/sec)
  Progress: 2040/10000 entities (11.8/sec)
  Progress: 2045/10000 entities (11.8/sec)
  Progress: 2050/10000 entities (11.8/sec)
  Progress: 2055/10000 entities (11.8/sec)
  Progress: 2060/10000 entities (11.8/sec)
  Progress: 2065/10000 entities (11.8/sec)
  Progress: 2070/10000 entities (11.8/sec)
  Progress: 2075/10000 entities (11.8/sec)
  Progress: 2080/10000 entities (11.8/sec)
  Progress: 2085/10000 entities (11.8/sec)
  Progress: 2090/10000 entities (11.8/sec)
  Progress: 2095/10000 entities (11.8/sec)
  Progress: 2100/10000 entities (11.8/sec)
  Progress: 2105/10000 entities (11.8/sec)
  Progress: 2110/10000 entities (11.8/sec)
  Progress: 2115/10000 entities (11.8/sec)
  Progress: 2120/10000 entities (11.8/sec)
  Progress: 2125/10000 entities (11.8/sec)
  Progress: 2130/10000 entities (11.8/sec)
  Progress: 2135/10000 entities (11.8/sec)
  Progress: 2140/10000 entities (11.8/sec)
  Progress: 2145/10000 entities (11.8/sec)
  Progress: 2150/10000 entities (11.8/sec)
  Progress: 2155/10000 entities (11.8/sec)
  Progress: 2160/10000 entities (11.8/sec)
  Progress: 2165/10000 entities (11.8/sec)
  Progress: 2170/10000 entities (11.8/sec)
  Progress: 2175/10000 entities (11.8/sec)
  Progress: 2180/10000 entities (11.8/sec)
  Progress: 2185/10000 entities (11.7/sec)
  Progress: 2190/10000 entities (11.7/sec)
  Progress: 2195/10000 entities (11.7/sec)
  Progress: 2200/10000 entities (11.7/sec)
  Progress: 2205/10000 entities (11.7/sec)
  Progress: 2210/10000 entities (11.7/sec)
  Progress: 2215/10000 entities (11.7/sec)
  Progress: 2220/10000 entities (11.7/sec)
  Progress: 2225/10000 entities (11.8/sec)
  Progress: 2230/10000 entities (11.8/sec)
  Progress: 2235/10000 entities (11.8/sec)
  Progress: 2240/10000 entities (11.7/sec)
  Progress: 2245/10000 entities (11.7/sec)
  Progress: 2250/10000 entities (11.7/sec)
  Progress: 2255/10000 entities (11.7/sec)
  Progress: 2260/10000 entities (11.7/sec)
  Progress: 2265/10000 entities (11.8/sec)
  Progress: 2270/10000 entities (11.8/sec)
  Progress: 2275/10000 entities (11.8/sec)
  Progress: 2280/10000 entities (11.8/sec)
  Progress: 2285/10000 entities (11.7/sec)
  Progress: 2290/10000 entities (11.7/sec)
  Progress: 2295/10000 entities (11.7/sec)
  Progress: 2300/10000 entities (11.7/sec)
  Progress: 2305/10000 entities (11.7/sec)
  Progress: 2310/10000 entities (11.7/sec)
  Progress: 2315/10000 entities (11.7/sec)
  Progress: 2320/10000 entities (11.7/sec)
  Progress: 2325/10000 entities (11.7/sec)
  Progress: 2330/10000 entities (11.7/sec)
  Progress: 2335/10000 entities (11.7/sec)
  Progress: 2340/10000 entities (11.7/sec)
  Progress: 2345/10000 entities (11.7/sec)
  Progress: 2350/10000 entities (11.7/sec)
  Progress: 2355/10000 entities (11.7/sec)
  Progress: 2360/10000 entities (11.7/sec)
  Progress: 2365/10000 entities (11.7/sec)
  Progress: 2370/10000 entities (11.7/sec)
  Progress: 2375/10000 entities (11.7/sec)
  Progress: 2380/10000 entities (11.7/sec)
  Progress: 2385/10000 entities (11.7/sec)
  Progress: 2390/10000 entities (11.7/sec)
  Progress: 2395/10000 entities (11.7/sec)
  Progress: 2400/10000 entities (11.7/sec)
  Progress: 2405/10000 entities (11.7/sec)
  Progress: 2410/10000 entities (11.7/sec)
  Progress: 2415/10000 entities (11.7/sec)
  Progress: 2420/10000 entities (11.7/sec)
  Progress: 2425/10000 entities (11.7/sec)
  Progress: 2430/10000 entities (11.7/sec)
  Progress: 2435/10000 entities (11.7/sec)
  Progress: 2440/10000 entities (11.7/sec)
  Progress: 2445/10000 entities (11.7/sec)
  Progress: 2450/10000 entities (11.7/sec)
  Progress: 2455/10000 entities (11.7/sec)
  Progress: 2460/10000 entities (11.7/sec)
  Progress: 2465/10000 entities (11.7/sec)
  Progress: 2470/10000 entities (11.8/sec)
  Progress: 2475/10000 entities (11.8/sec)
  Progress: 2480/10000 entities (11.8/sec)
  Progress: 2485/10000 entities (11.7/sec)
  Progress: 2490/10000 entities (11.7/sec)
  Progress: 2495/10000 entities (11.7/sec)
  Progress: 2500/10000 entities (11.7/sec)
  Progress: 2505/10000 entities (11.7/sec)
  Progress: 2510/10000 entities (11.7/sec)
  Progress: 2515/10000 entities (11.7/sec)
  Progress: 2520/10000 entities (11.7/sec)
  Progress: 2525/10000 entities (11.7/sec)
  Progress: 2530/10000 entities (11.8/sec)
  Progress: 2535/10000 entities (11.7/sec)
  Progress: 2540/10000 entities (11.7/sec)
  Progress: 2545/10000 entities (11.8/sec)
  Progress: 2550/10000 entities (11.8/sec)
  Progress: 2555/10000 entities (11.8/sec)
  Progress: 2560/10000 entities (11.8/sec)
  Progress: 2565/10000 entities (11.8/sec)
  Progress: 2570/10000 entities (11.8/sec)
  Progress: 2575/10000 entities (11.8/sec)
  Progress: 2580/10000 entities (11.8/sec)
  Progress: 2585/10000 entities (11.8/sec)
  Progress: 2590/10000 entities (11.8/sec)
  Progress: 2595/10000 entities (11.8/sec)
  Progress: 2600/10000 entities (11.8/sec)
  Progress: 2605/10000 entities (11.8/sec)
  Progress: 2610/10000 entities (11.8/sec)
  Progress: 2615/10000 entities (11.8/sec)
  Progress: 2620/10000 entities (11.8/sec)
  Progress: 2625/10000 entities (11.8/sec)
  Progress: 2630/10000 entities (11.8/sec)
  Progress: 2635/10000 entities (11.8/sec)
  Progress: 2640/10000 entities (11.8/sec)
  Progress: 2645/10000 entities (11.8/sec)
  Progress: 2650/10000 entities (11.8/sec)
  Progress: 2655/10000 entities (11.8/sec)
  Progress: 2660/10000 entities (11.8/sec)
  Progress: 2665/10000 entities (11.8/sec)
  Progress: 2670/10000 entities (11.8/sec)
  Progress: 2675/10000 entities (11.8/sec)
  Progress: 2680/10000 entities (11.8/sec)
  Progress: 2685/10000 entities (11.8/sec)
  Progress: 2690/10000 entities (11.8/sec)
  Progress: 2695/10000 entities (11.8/sec)
  Progress: 2700/10000 entities (11.8/sec)
  Progress: 2705/10000 entities (11.8/sec)
  Progress: 2710/10000 entities (11.8/sec)
  Progress: 2715/10000 entities (11.8/sec)
  Progress: 2720/10000 entities (11.8/sec)
  Progress: 2725/10000 entities (11.8/sec)
  Progress: 2730/10000 entities (11.9/sec)
  Progress: 2735/10000 entities (11.8/sec)
  Progress: 2740/10000 entities (11.8/sec)
  Progress: 2745/10000 entities (11.9/sec)
  Progress: 2750/10000 entities (11.8/sec)
  Progress: 2755/10000 entities (11.9/sec)
  Progress: 2760/10000 entities (11.9/sec)
  Progress: 2765/10000 entities (11.9/sec)
  Progress: 2770/10000 entities (11.9/sec)
  Progress: 2775/10000 entities (11.9/sec)
  Progress: 2780/10000 entities (11.9/sec)
  Progress: 2785/10000 entities (11.9/sec)
  Progress: 2790/10000 entities (11.9/sec)
  Progress: 2795/10000 entities (11.9/sec)
  Progress: 2800/10000 entities (11.9/sec)
  Progress: 2805/10000 entities (11.9/sec)
  Progress: 2810/10000 entities (11.9/sec)
  Progress: 2815/10000 entities (11.9/sec)
  Progress: 2820/10000 entities (11.9/sec)
  Progress: 2825/10000 entities (11.9/sec)
  Progress: 2830/10000 entities (11.9/sec)
  Progress: 2835/10000 entities (11.9/sec)
  Progress: 2840/10000 entities (11.9/sec)
  Progress: 2845/10000 entities (11.9/sec)
  Progress: 2850/10000 entities (11.9/sec)
  Progress: 2855/10000 entities (11.9/sec)
  Progress: 2860/10000 entities (11.9/sec)
  Progress: 2865/10000 entities (11.9/sec)
  Progress: 2870/10000 entities (11.9/sec)
  Progress: 2875/10000 entities (11.9/sec)
  Progress: 2880/10000 entities (11.9/sec)
  Progress: 2885/10000 entities (11.9/sec)
  Progress: 2890/10000 entities (11.9/sec)
  Progress: 2895/10000 entities (11.9/sec)
  Progress: 2900/10000 entities (11.9/sec)
  Progress: 2905/10000 entities (11.9/sec)
  Progress: 2910/10000 entities (11.9/sec)
  Progress: 2915/10000 entities (11.9/sec)
  Progress: 2920/10000 entities (11.9/sec)
  Progress: 2925/10000 entities (11.9/sec)
  Progress: 2930/10000 entities (11.9/sec)
  Progress: 2935/10000 entities (11.9/sec)
  Progress: 2940/10000 entities (11.9/sec)
  Progress: 2945/10000 entities (11.9/sec)
  Progress: 2950/10000 entities (11.9/sec)
  Progress: 2955/10000 entities (11.9/sec)
  Progress: 2960/10000 entities (12.0/sec)
  Progress: 2965/10000 entities (11.9/sec)
  Progress: 2970/10000 entities (12.0/sec)
  Progress: 2975/10000 entities (12.0/sec)
  Progress: 2980/10000 entities (12.0/sec)
  Progress: 2985/10000 entities (12.0/sec)
  Progress: 2990/10000 entities (12.0/sec)
  Progress: 2995/10000 entities (12.0/sec)
  Progress: 3000/10000 entities (12.0/sec)
  Progress: 3005/10000 entities (12.0/sec)
  Progress: 3010/10000 entities (12.0/sec)
  Progress: 3015/10000 entities (12.0/sec)
  Progress: 3020/10000 entities (12.0/sec)
  Progress: 3025/10000 entities (12.0/sec)
  Progress: 3030/10000 entities (12.0/sec)
  Progress: 3035/10000 entities (12.0/sec)
  Progress: 3040/10000 entities (12.0/sec)
  Progress: 3045/10000 entities (12.0/sec)
  Progress: 3050/10000 entities (12.0/sec)
  Progress: 3055/10000 entities (12.0/sec)
  Progress: 3060/10000 entities (12.0/sec)
  Progress: 3065/10000 entities (12.0/sec)
  Progress: 3070/10000 entities (12.0/sec)
  Progress: 3075/10000 entities (12.0/sec)
  Progress: 3080/10000 entities (12.0/sec)
  Progress: 3085/10000 entities (12.0/sec)
  Progress: 3090/10000 entities (12.0/sec)
  Progress: 3095/10000 entities (12.0/sec)
  Progress: 3100/10000 entities (12.0/sec)
  Progress: 3105/10000 entities (12.0/sec)
  Progress: 3110/10000 entities (12.0/sec)
  Progress: 3115/10000 entities (12.0/sec)
  Progress: 3120/10000 entities (12.0/sec)
  Progress: 3125/10000 entities (12.0/sec)
  Progress: 3130/10000 entities (12.0/sec)
  Progress: 3135/10000 entities (12.0/sec)
  Progress: 3140/10000 entities (12.0/sec)
  Progress: 3145/10000 entities (12.0/sec)
  Progress: 3150/10000 entities (12.0/sec)
  Progress: 3155/10000 entities (12.0/sec)
  Progress: 3160/10000 entities (12.0/sec)
  Progress: 3165/10000 entities (12.0/sec)
  Progress: 3170/10000 entities (12.0/sec)
  Progress: 3175/10000 entities (12.0/sec)
  Progress: 3180/10000 entities (12.0/sec)
  Progress: 3185/10000 entities (12.0/sec)
  Progress: 3190/10000 entities (12.0/sec)
  Progress: 3195/10000 entities (12.0/sec)
  Progress: 3200/10000 entities (12.0/sec)
  Progress: 3205/10000 entities (12.0/sec)
  Progress: 3210/10000 entities (12.0/sec)
  Progress: 3215/10000 entities (12.1/sec)
  Progress: 3220/10000 entities (12.1/sec)
  Progress: 3225/10000 entities (12.1/sec)
  Progress: 3230/10000 entities (12.1/sec)
  Progress: 3235/10000 entities (12.1/sec)
  Progress: 3240/10000 entities (12.1/sec)
  Progress: 3245/10000 entities (12.1/sec)
  Progress: 3250/10000 entities (12.1/sec)
  Progress: 3255/10000 entities (12.1/sec)
  Progress: 3260/10000 entities (12.1/sec)
  Progress: 3265/10000 entities (12.1/sec)
  Progress: 3270/10000 entities (12.1/sec)
  Progress: 3275/10000 entities (12.1/sec)
  Progress: 3280/10000 entities (12.1/sec)
  Progress: 3285/10000 entities (12.1/sec)
  Progress: 3290/10000 entities (12.1/sec)
  Progress: 3295/10000 entities (12.1/sec)
  Progress: 3300/10000 entities (12.1/sec)
  Progress: 3305/10000 entities (12.1/sec)
  Progress: 3310/10000 entities (12.1/sec)
  Progress: 3315/10000 entities (12.1/sec)
  Progress: 3320/10000 entities (12.1/sec)
  Progress: 3325/10000 entities (12.1/sec)
  Progress: 3330/10000 entities (12.1/sec)
  Progress: 3335/10000 entities (12.1/sec)
  Progress: 3340/10000 entities (12.1/sec)
  Progress: 3345/10000 entities (12.1/sec)
  Progress: 3350/10000 entities (12.1/sec)
  Progress: 3355/10000 entities (12.1/sec)
  Progress: 3360/10000 entities (12.1/sec)
  Progress: 3365/10000 entities (12.1/sec)
  Progress: 3370/10000 entities (12.1/sec)
  Progress: 3375/10000 entities (12.1/sec)
  Progress: 3380/10000 entities (12.1/sec)
  Progress: 3385/10000 entities (12.1/sec)
  Progress: 3390/10000 entities (12.1/sec)
  Progress: 3395/10000 entities (12.1/sec)
  Progress: 3400/10000 entities (12.1/sec)
  Progress: 3405/10000 entities (12.1/sec)
  Progress: 3410/10000 entities (12.1/sec)
  Progress: 3415/10000 entities (12.1/sec)
  Progress: 3420/10000 entities (12.1/sec)
  Progress: 3425/10000 entities (12.1/sec)
  Progress: 3430/10000 entities (12.1/sec)
  Progress: 3435/10000 entities (12.1/sec)
  Progress: 3440/10000 entities (12.1/sec)
  Progress: 3445/10000 entities (12.2/sec)
  Progress: 3450/10000 entities (12.2/sec)
  Progress: 3455/10000 entities (12.2/sec)
  Progress: 3460/10000 entities (12.2/sec)
  Progress: 3465/10000 entities (12.2/sec)
  Progress: 3470/10000 entities (12.2/sec)
  Progress: 3475/10000 entities (12.2/sec)
  Progress: 3480/10000 entities (12.2/sec)
  Progress: 3485/10000 entities (12.2/sec)
  Progress: 3490/10000 entities (12.2/sec)
  Progress: 3495/10000 entities (12.2/sec)
  Progress: 3500/10000 entities (12.2/sec)
  Progress: 3505/10000 entities (12.2/sec)
  Progress: 3510/10000 entities (12.2/sec)
  Progress: 3515/10000 entities (12.2/sec)
  Progress: 3520/10000 entities (12.2/sec)
  Progress: 3525/10000 entities (12.2/sec)
  Progress: 3530/10000 entities (12.2/sec)
  Progress: 3535/10000 entities (12.2/sec)
  Progress: 3540/10000 entities (12.2/sec)
  Progress: 3545/10000 entities (12.2/sec)
  Progress: 3550/10000 entities (12.2/sec)
  Progress: 3555/10000 entities (12.2/sec)
  Progress: 3560/10000 entities (12.2/sec)
  Progress: 3565/10000 entities (12.2/sec)
  Progress: 3570/10000 entities (12.2/sec)
  Progress: 3575/10000 entities (12.2/sec)
  Progress: 3580/10000 entities (12.2/sec)
  Progress: 3585/10000 entities (12.2/sec)
  Progress: 3590/10000 entities (12.2/sec)
  Progress: 3595/10000 entities (12.2/sec)
  Progress: 3600/10000 entities (12.2/sec)
  Progress: 3605/10000 entities (12.2/sec)
  Progress: 3610/10000 entities (12.2/sec)
  Progress: 3615/10000 entities (12.2/sec)
  Progress: 3620/10000 entities (12.2/sec)
  Progress: 3625/10000 entities (12.2/sec)
  Progress: 3630/10000 entities (12.2/sec)
  Progress: 3635/10000 entities (12.2/sec)
  Progress: 3640/10000 entities (12.2/sec)
  Progress: 3645/10000 entities (12.2/sec)
  Progress: 3650/10000 entities (12.2/sec)
  Progress: 3655/10000 entities (12.2/sec)
  Progress: 3660/10000 entities (12.2/sec)
  Progress: 3665/10000 entities (12.2/sec)
  Progress: 3670/10000 entities (12.2/sec)
  Progress: 3675/10000 entities (12.2/sec)
  Progress: 3680/10000 entities (12.2/sec)
  Progress: 3685/10000 entities (12.2/sec)
  Progress: 3690/10000 entities (12.3/sec)
  Progress: 3695/10000 entities (12.3/sec)
  Progress: 3700/10000 entities (12.3/sec)
  Progress: 3705/10000 entities (12.3/sec)
  Progress: 3710/10000 entities (12.3/sec)
  Progress: 3715/10000 entities (12.3/sec)
  Progress: 3720/10000 entities (12.3/sec)
  Progress: 3725/10000 entities (12.3/sec)
  Progress: 3730/10000 entities (12.3/sec)
  Progress: 3735/10000 entities (12.3/sec)
  Progress: 3740/10000 entities (12.3/sec)
  Progress: 3745/10000 entities (12.3/sec)
  Progress: 3750/10000 entities (12.3/sec)
  Progress: 3755/10000 entities (12.3/sec)
  Progress: 3760/10000 entities (12.3/sec)
  Progress: 3765/10000 entities (12.3/sec)
  Progress: 3770/10000 entities (12.3/sec)
  Progress: 3775/10000 entities (12.3/sec)
  Progress: 3780/10000 entities (12.3/sec)
  Progress: 3785/10000 entities (12.3/sec)
  Progress: 3790/10000 entities (12.3/sec)
  Progress: 3795/10000 entities (12.3/sec)
  Progress: 3800/10000 entities (12.3/sec)
  Progress: 3805/10000 entities (12.3/sec)
  Progress: 3810/10000 entities (12.3/sec)
  Progress: 3815/10000 entities (12.3/sec)
  Progress: 3820/10000 entities (12.3/sec)
  Progress: 3825/10000 entities (12.3/sec)
  Progress: 3830/10000 entities (12.3/sec)
  Progress: 3835/10000 entities (12.3/sec)
  Progress: 3840/10000 entities (12.3/sec)
  Progress: 3845/10000 entities (12.3/sec)
  Progress: 3850/10000 entities (12.3/sec)
  Progress: 3855/10000 entities (12.3/sec)
  Progress: 3860/10000 entities (12.3/sec)
  Progress: 3865/10000 entities (12.3/sec)
  Progress: 3870/10000 entities (12.3/sec)
  Progress: 3875/10000 entities (12.3/sec)
  Progress: 3880/10000 entities (12.3/sec)
  Progress: 3885/10000 entities (12.3/sec)
  Progress: 3890/10000 entities (12.3/sec)
  Progress: 3895/10000 entities (12.3/sec)
  Progress: 3900/10000 entities (12.3/sec)
  Progress: 3905/10000 entities (12.3/sec)
  Progress: 3910/10000 entities (12.3/sec)
  Progress: 3915/10000 entities (12.3/sec)
  Progress: 3920/10000 entities (12.3/sec)
  Progress: 3925/10000 entities (12.3/sec)
  Progress: 3930/10000 entities (12.3/sec)
  Progress: 3935/10000 entities (12.3/sec)
  Progress: 3940/10000 entities (12.3/sec)
  Progress: 3945/10000 entities (12.3/sec)
  Progress: 3950/10000 entities (12.3/sec)
  Progress: 3955/10000 entities (12.3/sec)
  Progress: 3960/10000 entities (12.3/sec)
  Progress: 3965/10000 entities (12.3/sec)
  Progress: 3970/10000 entities (12.3/sec)
  Progress: 3975/10000 entities (12.3/sec)
  Progress: 3980/10000 entities (12.3/sec)
  Progress: 3985/10000 entities (12.4/sec)
  Progress: 3990/10000 entities (12.4/sec)
  Progress: 3995/10000 entities (12.4/sec)
  Progress: 4000/10000 entities (12.4/sec)
  Progress: 4005/10000 entities (12.4/sec)
  Progress: 4010/10000 entities (12.4/sec)
  Progress: 4015/10000 entities (12.4/sec)
  Progress: 4020/10000 entities (12.4/sec)
  Progress: 4025/10000 entities (12.4/sec)
  Progress: 4030/10000 entities (12.4/sec)
  Progress: 4035/10000 entities (12.4/sec)
  Progress: 4040/10000 entities (12.4/sec)
  Progress: 4045/10000 entities (12.4/sec)
  Progress: 4050/10000 entities (12.4/sec)
  Progress: 4055/10000 entities (12.4/sec)
  Progress: 4060/10000 entities (12.4/sec)
  Progress: 4065/10000 entities (12.4/sec)
  Progress: 4070/10000 entities (12.4/sec)
  Progress: 4075/10000 entities (12.4/sec)
  Progress: 4080/10000 entities (12.4/sec)
  Progress: 4085/10000 entities (12.4/sec)
  Progress: 4090/10000 entities (12.4/sec)
  Progress: 4095/10000 entities (12.4/sec)
  Progress: 4100/10000 entities (12.4/sec)
  Progress: 4105/10000 entities (12.4/sec)
  Progress: 4110/10000 entities (12.4/sec)
  Progress: 4115/10000 entities (12.4/sec)
  Progress: 4120/10000 entities (12.4/sec)
  Progress: 4125/10000 entities (12.4/sec)
  Progress: 4130/10000 entities (12.4/sec)
  Progress: 4135/10000 entities (12.4/sec)
  Progress: 4140/10000 entities (12.4/sec)
  Progress: 4145/10000 entities (12.4/sec)
  Progress: 4150/10000 entities (12.4/sec)
  Progress: 4155/10000 entities (12.4/sec)
  Progress: 4160/10000 entities (12.4/sec)
  Progress: 4165/10000 entities (12.4/sec)
  Progress: 4170/10000 entities (12.4/sec)
  Progress: 4175/10000 entities (12.4/sec)
  Progress: 4180/10000 entities (12.4/sec)
  Progress: 4185/10000 entities (12.4/sec)
  Progress: 4190/10000 entities (12.4/sec)
  Progress: 4195/10000 entities (12.4/sec)
  Progress: 4200/10000 entities (12.4/sec)
  Progress: 4205/10000 entities (12.4/sec)
  Progress: 4210/10000 entities (12.4/sec)
  Progress: 4215/10000 entities (12.4/sec)
  Progress: 4220/10000 entities (12.4/sec)
  Progress: 4225/10000 entities (12.4/sec)
  Progress: 4230/10000 entities (12.4/sec)
  Progress: 4235/10000 entities (12.4/sec)
  Progress: 4240/10000 entities (12.4/sec)
  Progress: 4245/10000 entities (12.4/sec)
  Progress: 4250/10000 entities (12.4/sec)
  Progress: 4255/10000 entities (12.4/sec)
  Progress: 4260/10000 entities (12.4/sec)
  Progress: 4265/10000 entities (12.4/sec)
  Progress: 4270/10000 entities (12.4/sec)
  Progress: 4275/10000 entities (12.4/sec)
  Progress: 4280/10000 entities (12.4/sec)
  Progress: 4285/10000 entities (12.4/sec)
  Progress: 4290/10000 entities (12.4/sec)
  Progress: 4295/10000 entities (12.4/sec)
  Progress: 4300/10000 entities (12.4/sec)
  Progress: 4305/10000 entities (12.4/sec)
  Progress: 4310/10000 entities (12.4/sec)
  Progress: 4315/10000 entities (12.4/sec)
  Progress: 4320/10000 entities (12.4/sec)
  Progress: 4325/10000 entities (12.4/sec)
  Progress: 4330/10000 entities (12.4/sec)
  Progress: 4335/10000 entities (12.4/sec)
  Progress: 4340/10000 entities (12.4/sec)
  Progress: 4345/10000 entities (12.4/sec)
  Progress: 4350/10000 entities (12.4/sec)
  Progress: 4355/10000 entities (12.4/sec)
  Progress: 4360/10000 entities (12.4/sec)
  Progress: 4365/10000 entities (12.4/sec)
  Progress: 4370/10000 entities (12.4/sec)
  Progress: 4375/10000 entities (12.4/sec)
  Progress: 4380/10000 entities (12.4/sec)
  Progress: 4385/10000 entities (12.4/sec)
  Progress: 4390/10000 entities (12.4/sec)
  Progress: 4395/10000 entities (12.4/sec)
  Progress: 4400/10000 entities (12.4/sec)
  Progress: 4405/10000 entities (12.4/sec)
  Progress: 4410/10000 entities (12.4/sec)
  Progress: 4415/10000 entities (12.4/sec)
  Progress: 4420/10000 entities (12.4/sec)
  Progress: 4425/10000 entities (12.4/sec)
  Progress: 4430/10000 entities (12.4/sec)
  Progress: 4435/10000 entities (12.4/sec)
  Progress: 4440/10000 entities (12.4/sec)
  Progress: 4445/10000 entities (12.4/sec)
  Progress: 4450/10000 entities (12.5/sec)
  Progress: 4455/10000 entities (12.4/sec)
  Progress: 4460/10000 entities (12.4/sec)
  Progress: 4465/10000 entities (12.5/sec)
  Progress: 4470/10000 entities (12.5/sec)
  Progress: 4475/10000 entities (12.5/sec)
  Progress: 4480/10000 entities (12.5/sec)
  Progress: 4485/10000 entities (12.5/sec)
  Progress: 4490/10000 entities (12.5/sec)
  Progress: 4495/10000 entities (12.5/sec)
  Progress: 4500/10000 entities (12.5/sec)
  Progress: 4505/10000 entities (12.5/sec)
  Progress: 4510/10000 entities (12.5/sec)
  Progress: 4515/10000 entities (12.5/sec)
  Progress: 4520/10000 entities (12.5/sec)
  Progress: 4525/10000 entities (12.5/sec)
  Progress: 4530/10000 entities (12.5/sec)
  Progress: 4535/10000 entities (12.5/sec)
  Progress: 4540/10000 entities (12.5/sec)
  Progress: 4545/10000 entities (12.5/sec)
  Progress: 4550/10000 entities (12.5/sec)
  Progress: 4555/10000 entities (12.5/sec)
  Progress: 4560/10000 entities (12.5/sec)
  Progress: 4565/10000 entities (12.5/sec)
  Progress: 4570/10000 entities (12.5/sec)
  Progress: 4575/10000 entities (12.5/sec)
  Progress: 4580/10000 entities (12.5/sec)
  Progress: 4585/10000 entities (12.5/sec)
  Progress: 4590/10000 entities (12.5/sec)
  Progress: 4595/10000 entities (12.5/sec)
  Progress: 4600/10000 entities (12.5/sec)
  Progress: 4605/10000 entities (12.5/sec)
  Progress: 4610/10000 entities (12.5/sec)
  Progress: 4615/10000 entities (12.5/sec)
  Progress: 4620/10000 entities (12.5/sec)
  Progress: 4625/10000 entities (12.5/sec)
  Progress: 4630/10000 entities (12.5/sec)
  Progress: 4635/10000 entities (12.5/sec)
  Progress: 4640/10000 entities (12.5/sec)
  Progress: 4645/10000 entities (12.5/sec)
  Progress: 4650/10000 entities (12.5/sec)
  Progress: 4655/10000 entities (12.5/sec)
  Progress: 4660/10000 entities (12.5/sec)
  Progress: 4665/10000 entities (12.5/sec)
  Progress: 4670/10000 entities (12.5/sec)
  Progress: 4675/10000 entities (12.5/sec)
  Progress: 4680/10000 entities (12.5/sec)
  Progress: 4685/10000 entities (12.5/sec)
  Progress: 4690/10000 entities (12.5/sec)
  Progress: 4695/10000 entities (12.5/sec)
  Progress: 4700/10000 entities (12.5/sec)
  Progress: 4705/10000 entities (12.5/sec)
  Progress: 4710/10000 entities (12.5/sec)
  Progress: 4715/10000 entities (12.5/sec)
  Progress: 4720/10000 entities (12.5/sec)
  Progress: 4725/10000 entities (12.5/sec)
  Progress: 4730/10000 entities (12.5/sec)
  Progress: 4735/10000 entities (12.5/sec)
  Progress: 4740/10000 entities (12.5/sec)
  Progress: 4745/10000 entities (12.5/sec)
  Progress: 4750/10000 entities (12.5/sec)
  Progress: 4755/10000 entities (12.5/sec)
  Progress: 4760/10000 entities (12.5/sec)
  Progress: 4765/10000 entities (12.5/sec)
  Progress: 4770/10000 entities (12.5/sec)
  Progress: 4775/10000 entities (12.5/sec)
  Progress: 4780/10000 entities (12.5/sec)
  Progress: 4785/10000 entities (12.5/sec)
  Progress: 4790/10000 entities (12.5/sec)
  Progress: 4795/10000 entities (12.5/sec)
  Progress: 4800/10000 entities (12.5/sec)
  Progress: 4805/10000 entities (12.5/sec)
  Progress: 4810/10000 entities (12.5/sec)
  Progress: 4815/10000 entities (12.5/sec)
  Progress: 4820/10000 entities (12.5/sec)
  Progress: 4825/10000 entities (12.5/sec)
  Progress: 4830/10000 entities (12.5/sec)
  Progress: 4835/10000 entities (12.5/sec)
  Progress: 4840/10000 entities (12.5/sec)
  Progress: 4845/10000 entities (12.5/sec)
  Progress: 4850/10000 entities (12.5/sec)
  Progress: 4855/10000 entities (12.5/sec)
  Progress: 4860/10000 entities (12.5/sec)
  Progress: 4865/10000 entities (12.5/sec)
  Progress: 4870/10000 entities (12.5/sec)
  Progress: 4875/10000 entities (12.5/sec)
  Progress: 4880/10000 entities (12.5/sec)
  Progress: 4885/10000 entities (12.5/sec)
  Progress: 4890/10000 entities (12.5/sec)
  Progress: 4895/10000 entities (12.5/sec)
  Progress: 4900/10000 entities (12.5/sec)
  Progress: 4905/10000 entities (12.5/sec)
  Progress: 4910/10000 entities (12.5/sec)
  Progress: 4915/10000 entities (12.5/sec)
  Progress: 4920/10000 entities (12.5/sec)
  Progress: 4925/10000 entities (12.5/sec)
  Progress: 4930/10000 entities (12.5/sec)
  Progress: 4935/10000 entities (12.6/sec)
  Progress: 4940/10000 entities (12.5/sec)
  Progress: 4945/10000 entities (12.5/sec)
  Progress: 4950/10000 entities (12.5/sec)
  Progress: 4955/10000 entities (12.5/sec)
  Progress: 4960/10000 entities (12.5/sec)
  Progress: 4965/10000 entities (12.6/sec)
  Progress: 4970/10000 entities (12.6/sec)
  Progress: 4975/10000 entities (12.6/sec)
  Progress: 4980/10000 entities (12.6/sec)
  Progress: 4985/10000 entities (12.6/sec)
  Progress: 4990/10000 entities (12.6/sec)
  Progress: 4995/10000 entities (12.6/sec)
  Progress: 5000/10000 entities (12.6/sec)
  Progress: 5005/10000 entities (12.6/sec)
  Progress: 5010/10000 entities (12.6/sec)
  Progress: 5015/10000 entities (12.6/sec)
  Progress: 5020/10000 entities (12.6/sec)
  Progress: 5025/10000 entities (12.6/sec)
  Progress: 5030/10000 entities (12.6/sec)
  Progress: 5035/10000 entities (12.6/sec)
  Progress: 5040/10000 entities (12.6/sec)
  Progress: 5045/10000 entities (12.6/sec)
  Progress: 5050/10000 entities (12.6/sec)
  Progress: 5055/10000 entities (12.6/sec)
  Progress: 5060/10000 entities (12.6/sec)
  Progress: 5065/10000 entities (12.6/sec)
  Progress: 5070/10000 entities (12.6/sec)
  Progress: 5075/10000 entities (12.6/sec)
  Progress: 5080/10000 entities (12.6/sec)
  Progress: 5085/10000 entities (12.6/sec)
  Progress: 5090/10000 entities (12.6/sec)
  Progress: 5095/10000 entities (12.6/sec)
  Progress: 5100/10000 entities (12.6/sec)
  Progress: 5105/10000 entities (12.6/sec)
  Progress: 5110/10000 entities (12.6/sec)
  Progress: 5115/10000 entities (12.6/sec)
  Progress: 5120/10000 entities (12.6/sec)
  Progress: 5125/10000 entities (12.6/sec)
  Progress: 5130/10000 entities (12.6/sec)
  Progress: 5135/10000 entities (12.6/sec)
  Progress: 5140/10000 entities (12.6/sec)
  Progress: 5145/10000 entities (12.6/sec)
  Progress: 5150/10000 entities (12.6/sec)
  Progress: 5155/10000 entities (12.6/sec)
  Progress: 5160/10000 entities (12.6/sec)
  Progress: 5165/10000 entities (12.6/sec)
  Progress: 5170/10000 entities (12.6/sec)
  Progress: 5175/10000 entities (12.6/sec)
  Progress: 5180/10000 entities (12.6/sec)
  Progress: 5185/10000 entities (12.6/sec)
  Progress: 5190/10000 entities (12.6/sec)
  Progress: 5195/10000 entities (12.6/sec)
  Progress: 5200/10000 entities (12.6/sec)
  Progress: 5205/10000 entities (12.6/sec)
  Progress: 5210/10000 entities (12.6/sec)
  Progress: 5215/10000 entities (12.6/sec)
  Progress: 5220/10000 entities (12.6/sec)
  Progress: 5225/10000 entities (12.6/sec)
  Progress: 5230/10000 entities (12.6/sec)
  Progress: 5235/10000 entities (12.6/sec)
  Progress: 5240/10000 entities (12.6/sec)
  Progress: 5245/10000 entities (12.6/sec)
  Progress: 5250/10000 entities (12.6/sec)
  Progress: 5255/10000 entities (12.6/sec)
  Progress: 5260/10000 entities (12.6/sec)
  Progress: 5265/10000 entities (12.6/sec)
  Progress: 5270/10000 entities (12.6/sec)
  Progress: 5275/10000 entities (12.6/sec)
  Progress: 5280/10000 entities (12.6/sec)
  Progress: 5285/10000 entities (12.6/sec)
  Progress: 5290/10000 entities (12.6/sec)
  Progress: 5295/10000 entities (12.6/sec)
  Progress: 5300/10000 entities (12.6/sec)
  Progress: 5305/10000 entities (12.6/sec)
  Progress: 5310/10000 entities (12.6/sec)
  Progress: 5315/10000 entities (12.6/sec)
  Progress: 5320/10000 entities (12.6/sec)
  Progress: 5325/10000 entities (12.6/sec)
  Progress: 5330/10000 entities (12.6/sec)
  Progress: 5335/10000 entities (12.6/sec)
  Progress: 5340/10000 entities (12.6/sec)
  Progress: 5345/10000 entities (12.6/sec)
  Progress: 5350/10000 entities (12.6/sec)
  Progress: 5355/10000 entities (12.6/sec)
  Progress: 5360/10000 entities (12.6/sec)
  Progress: 5365/10000 entities (12.6/sec)
  Progress: 5370/10000 entities (12.6/sec)
  Progress: 5375/10000 entities (12.6/sec)
  Progress: 5380/10000 entities (12.6/sec)
  Progress: 5385/10000 entities (12.6/sec)
  Progress: 5390/10000 entities (12.6/sec)
  Progress: 5395/10000 entities (12.6/sec)
  Progress: 5400/10000 entities (12.6/sec)
  Progress: 5405/10000 entities (12.6/sec)
  Progress: 5410/10000 entities (12.6/sec)
  Progress: 5415/10000 entities (12.6/sec)
  Progress: 5420/10000 entities (12.6/sec)
  Progress: 5425/10000 entities (12.6/sec)
  Progress: 5430/10000 entities (12.6/sec)
  Progress: 5435/10000 entities (12.6/sec)
  Progress: 5440/10000 entities (12.6/sec)
  Progress: 5445/10000 entities (12.6/sec)
  Progress: 5450/10000 entities (12.6/sec)
  Progress: 5455/10000 entities (12.6/sec)
  Progress: 5460/10000 entities (12.6/sec)
  Progress: 5465/10000 entities (12.6/sec)
  Progress: 5470/10000 entities (12.6/sec)
  Progress: 5475/10000 entities (12.6/sec)
  Progress: 5480/10000 entities (12.6/sec)
  Progress: 5485/10000 entities (12.6/sec)
  Progress: 5490/10000 entities (12.6/sec)
  Progress: 5495/10000 entities (12.6/sec)
  Progress: 5500/10000 entities (12.6/sec)
  Progress: 5505/10000 entities (12.6/sec)
  Progress: 5510/10000 entities (12.6/sec)
  Progress: 5515/10000 entities (12.6/sec)
  Progress: 5520/10000 entities (12.6/sec)
  Progress: 5525/10000 entities (12.6/sec)
  Progress: 5530/10000 entities (12.6/sec)
  Progress: 5535/10000 entities (12.6/sec)
  Progress: 5540/10000 entities (12.6/sec)
  Progress: 5545/10000 entities (12.6/sec)
  Progress: 5550/10000 entities (12.6/sec)
  Progress: 5555/10000 entities (12.5/sec)
  Progress: 5560/10000 entities (12.5/sec)
  Progress: 5565/10000 entities (12.5/sec)
  Progress: 5570/10000 entities (12.5/sec)
  Progress: 5575/10000 entities (12.5/sec)
  Progress: 5580/10000 entities (12.5/sec)
  Progress: 5585/10000 entities (12.5/sec)
  Progress: 5590/10000 entities (12.5/sec)
  Progress: 5595/10000 entities (12.5/sec)
  Progress: 5600/10000 entities (12.5/sec)
  Progress: 5605/10000 entities (12.5/sec)
  Progress: 5610/10000 entities (12.5/sec)
  Progress: 5615/10000 entities (12.5/sec)
  Progress: 5620/10000 entities (12.5/sec)
  Progress: 5625/10000 entities (12.5/sec)
  Progress: 5630/10000 entities (12.5/sec)
  Progress: 5635/10000 entities (12.5/sec)
  Progress: 5640/10000 entities (12.5/sec)
  Progress: 5645/10000 entities (12.5/sec)
  Progress: 5650/10000 entities (12.5/sec)
  Progress: 5655/10000 entities (12.5/sec)
  Progress: 5660/10000 entities (12.5/sec)
  Progress: 5665/10000 entities (12.5/sec)
  Progress: 5670/10000 entities (12.5/sec)
  Progress: 5675/10000 entities (12.4/sec)
  Progress: 5680/10000 entities (12.4/sec)
  Progress: 5685/10000 entities (12.4/sec)
  Progress: 5690/10000 entities (12.4/sec)
  Progress: 5695/10000 entities (12.4/sec)
  Progress: 5700/10000 entities (12.4/sec)
  Progress: 5705/10000 entities (12.4/sec)
  Progress: 5710/10000 entities (12.4/sec)
  Progress: 5715/10000 entities (12.4/sec)
  Progress: 5720/10000 entities (12.5/sec)
  Progress: 5725/10000 entities (12.4/sec)
  Progress: 5730/10000 entities (12.5/sec)
  Progress: 5735/10000 entities (12.5/sec)
  Progress: 5740/10000 entities (12.5/sec)
  Progress: 5745/10000 entities (12.5/sec)
  Progress: 5750/10000 entities (12.5/sec)
  Progress: 5755/10000 entities (12.5/sec)
  Progress: 5760/10000 entities (12.5/sec)
  Progress: 5765/10000 entities (12.5/sec)
  Progress: 5770/10000 entities (12.5/sec)
  Progress: 5775/10000 entities (12.5/sec)
  Progress: 5780/10000 entities (12.5/sec)
  Progress: 5785/10000 entities (12.5/sec)
  Progress: 5790/10000 entities (12.5/sec)
  Progress: 5795/10000 entities (12.5/sec)
  Progress: 5800/10000 entities (12.5/sec)
  Progress: 5805/10000 entities (12.5/sec)
  Progress: 5810/10000 entities (12.5/sec)
  Progress: 5815/10000 entities (12.5/sec)
  Progress: 5820/10000 entities (12.5/sec)
  Progress: 5825/10000 entities (12.5/sec)
  Progress: 5830/10000 entities (12.5/sec)
  Progress: 5835/10000 entities (12.5/sec)
  Progress: 5840/10000 entities (12.5/sec)
  Progress: 5845/10000 entities (12.5/sec)
  Progress: 5850/10000 entities (12.5/sec)
  Progress: 5855/10000 entities (12.5/sec)
  Progress: 5860/10000 entities (12.5/sec)
  Progress: 5865/10000 entities (12.5/sec)
  Progress: 5870/10000 entities (12.5/sec)
  Progress: 5875/10000 entities (12.5/sec)
  Progress: 5880/10000 entities (12.5/sec)
  Progress: 5885/10000 entities (12.5/sec)
  Progress: 5890/10000 entities (12.5/sec)
  Progress: 5895/10000 entities (12.5/sec)
  Progress: 5900/10000 entities (12.5/sec)
  Progress: 5905/10000 entities (12.5/sec)
  Progress: 5910/10000 entities (12.5/sec)
  Progress: 5915/10000 entities (12.5/sec)
  Progress: 5920/10000 entities (12.5/sec)
  Progress: 5925/10000 entities (12.5/sec)
  Progress: 5930/10000 entities (12.5/sec)
  Progress: 5935/10000 entities (12.5/sec)
  Progress: 5940/10000 entities (12.5/sec)
  Progress: 5945/10000 entities (12.5/sec)
  Progress: 5950/10000 entities (12.5/sec)
  Progress: 5955/10000 entities (12.5/sec)
  Progress: 5960/10000 entities (12.5/sec)
  Progress: 5965/10000 entities (12.5/sec)
  Progress: 5970/10000 entities (12.5/sec)
  Progress: 5975/10000 entities (12.5/sec)
  Progress: 5980/10000 entities (12.5/sec)
  Progress: 5985/10000 entities (12.5/sec)
  Progress: 5990/10000 entities (12.5/sec)
  Progress: 5995/10000 entities (12.5/sec)
  Progress: 6000/10000 entities (12.5/sec)
  Progress: 6005/10000 entities (12.5/sec)
  Progress: 6010/10000 entities (12.5/sec)
  Progress: 6015/10000 entities (12.5/sec)
  Progress: 6020/10000 entities (12.5/sec)
  Progress: 6025/10000 entities (12.5/sec)
  Progress: 6030/10000 entities (12.5/sec)
  Progress: 6035/10000 entities (12.5/sec)
  Progress: 6040/10000 entities (12.5/sec)
  Progress: 6045/10000 entities (12.5/sec)
  Progress: 6050/10000 entities (12.5/sec)
  Progress: 6055/10000 entities (12.5/sec)
  Progress: 6060/10000 entities (12.5/sec)
  Progress: 6065/10000 entities (12.5/sec)
  Progress: 6070/10000 entities (12.5/sec)
  Progress: 6075/10000 entities (12.5/sec)
  Progress: 6080/10000 entities (12.5/sec)
  Progress: 6085/10000 entities (12.5/sec)
  Progress: 6090/10000 entities (12.5/sec)
  Progress: 6095/10000 entities (12.5/sec)
  Progress: 6100/10000 entities (12.5/sec)
  Progress: 6105/10000 entities (12.5/sec)
  Progress: 6110/10000 entities (12.5/sec)
  Progress: 6115/10000 entities (12.5/sec)
  Progress: 6120/10000 entities (12.5/sec)
  Progress: 6125/10000 entities (12.5/sec)
  Progress: 6130/10000 entities (12.5/sec)
  Progress: 6135/10000 entities (12.5/sec)
  Progress: 6140/10000 entities (12.5/sec)
  Progress: 6145/10000 entities (12.5/sec)
  Progress: 6150/10000 entities (12.5/sec)
  Progress: 6155/10000 entities (12.5/sec)
  Progress: 6160/10000 entities (12.5/sec)
  Progress: 6165/10000 entities (12.5/sec)
  Progress: 6170/10000 entities (12.5/sec)
  Progress: 6175/10000 entities (12.5/sec)
  Progress: 6180/10000 entities (12.5/sec)
  Progress: 6185/10000 entities (12.5/sec)
  Progress: 6190/10000 entities (12.5/sec)
  Progress: 6195/10000 entities (12.5/sec)
  Progress: 6200/10000 entities (12.5/sec)
  Progress: 6205/10000 entities (12.5/sec)
  Progress: 6210/10000 entities (12.5/sec)
  Progress: 6215/10000 entities (12.5/sec)
  Progress: 6220/10000 entities (12.5/sec)
  Progress: 6225/10000 entities (12.5/sec)
  Progress: 6230/10000 entities (12.5/sec)
  Progress: 6235/10000 entities (12.5/sec)
  Progress: 6240/10000 entities (12.5/sec)
  Progress: 6245/10000 entities (12.5/sec)
  Progress: 6250/10000 entities (12.5/sec)
  Progress: 6255/10000 entities (12.5/sec)
  Progress: 6260/10000 entities (12.5/sec)
  Progress: 6265/10000 entities (12.5/sec)
  Progress: 6270/10000 entities (12.6/sec)
  Progress: 6275/10000 entities (12.6/sec)
  Progress: 6280/10000 entities (12.6/sec)
  Progress: 6285/10000 entities (12.6/sec)
  Progress: 6290/10000 entities (12.6/sec)
  Progress: 6295/10000 entities (12.6/sec)
  Progress: 6300/10000 entities (12.6/sec)
  Progress: 6305/10000 entities (12.6/sec)
  Progress: 6310/10000 entities (12.6/sec)
  Progress: 6315/10000 entities (12.6/sec)
  Progress: 6320/10000 entities (12.6/sec)
  Progress: 6325/10000 entities (12.6/sec)
  Progress: 6330/10000 entities (12.6/sec)
  Progress: 6335/10000 entities (12.6/sec)
  Progress: 6340/10000 entities (12.6/sec)
  Progress: 6345/10000 entities (12.6/sec)
  Progress: 6350/10000 entities (12.6/sec)
  Progress: 6355/10000 entities (12.6/sec)
  Progress: 6360/10000 entities (12.6/sec)
  Progress: 6365/10000 entities (12.6/sec)
  Progress: 6370/10000 entities (12.6/sec)
  Progress: 6375/10000 entities (12.6/sec)
  Progress: 6380/10000 entities (12.6/sec)
  Progress: 6385/10000 entities (12.6/sec)
  Progress: 6390/10000 entities (12.6/sec)
  Progress: 6395/10000 entities (12.6/sec)
  Progress: 6400/10000 entities (12.6/sec)
  Progress: 6405/10000 entities (12.6/sec)
  Progress: 6410/10000 entities (12.6/sec)
  Progress: 6415/10000 entities (12.6/sec)
  Progress: 6420/10000 entities (12.6/sec)
  Progress: 6425/10000 entities (12.6/sec)
  Progress: 6430/10000 entities (12.6/sec)
  Progress: 6435/10000 entities (12.6/sec)
  Progress: 6440/10000 entities (12.6/sec)
  Progress: 6445/10000 entities (12.6/sec)
  Progress: 6450/10000 entities (12.6/sec)
  Progress: 6455/10000 entities (12.6/sec)
  Progress: 6460/10000 entities (12.6/sec)
  Progress: 6465/10000 entities (12.6/sec)
  Progress: 6470/10000 entities (12.6/sec)
  Progress: 6475/10000 entities (12.6/sec)
  Progress: 6480/10000 entities (12.6/sec)
  Progress: 6485/10000 entities (12.6/sec)
  Progress: 6490/10000 entities (12.6/sec)
  Progress: 6495/10000 entities (12.6/sec)
  Progress: 6500/10000 entities (12.6/sec)
  Progress: 6505/10000 entities (12.6/sec)
  Progress: 6510/10000 entities (12.6/sec)
  Progress: 6515/10000 entities (12.6/sec)
  Progress: 6520/10000 entities (12.6/sec)
  Progress: 6525/10000 entities (12.6/sec)
  Progress: 6530/10000 entities (12.6/sec)
  Progress: 6535/10000 entities (12.6/sec)
  Progress: 6540/10000 entities (12.6/sec)
  Progress: 6545/10000 entities (12.6/sec)
  Progress: 6550/10000 entities (12.6/sec)
  Progress: 6555/10000 entities (12.6/sec)
  Progress: 6560/10000 entities (12.6/sec)
  Progress: 6565/10000 entities (12.6/sec)
  Progress: 6570/10000 entities (12.6/sec)
  Progress: 6575/10000 entities (12.6/sec)
  Progress: 6580/10000 entities (12.6/sec)
  Progress: 6585/10000 entities (12.6/sec)
  Progress: 6590/10000 entities (12.6/sec)
  Progress: 6595/10000 entities (12.6/sec)
  Progress: 6600/10000 entities (12.6/sec)
  Progress: 6605/10000 entities (12.6/sec)
  Progress: 6610/10000 entities (12.6/sec)
  Progress: 6615/10000 entities (12.6/sec)
  Progress: 6620/10000 entities (12.6/sec)
  Progress: 6625/10000 entities (12.6/sec)
  Progress: 6630/10000 entities (12.6/sec)
  Progress: 6635/10000 entities (12.6/sec)
  Progress: 6640/10000 entities (12.6/sec)
  Progress: 6645/10000 entities (12.6/sec)
  Progress: 6650/10000 entities (12.6/sec)
  Progress: 6655/10000 entities (12.6/sec)
  Progress: 6660/10000 entities (12.6/sec)
  Progress: 6665/10000 entities (12.6/sec)
  Progress: 6670/10000 entities (12.6/sec)
  Progress: 6675/10000 entities (12.6/sec)
  Progress: 6680/10000 entities (12.7/sec)
  Progress: 6685/10000 entities (12.6/sec)
  Progress: 6690/10000 entities (12.7/sec)
  Progress: 6695/10000 entities (12.7/sec)
  Progress: 6700/10000 entities (12.7/sec)
  Progress: 6705/10000 entities (12.7/sec)
  Progress: 6710/10000 entities (12.7/sec)
  Progress: 6715/10000 entities (12.7/sec)
  Progress: 6720/10000 entities (12.7/sec)
  Progress: 6725/10000 entities (12.7/sec)
  Progress: 6730/10000 entities (12.7/sec)
  Progress: 6735/10000 entities (12.7/sec)
  Progress: 6740/10000 entities (12.7/sec)
  Progress: 6745/10000 entities (12.7/sec)
  Progress: 6750/10000 entities (12.7/sec)
  Progress: 6755/10000 entities (12.7/sec)
  Progress: 6760/10000 entities (12.7/sec)
  Progress: 6765/10000 entities (12.7/sec)
  Progress: 6770/10000 entities (12.7/sec)
  Progress: 6775/10000 entities (12.7/sec)
  Progress: 6780/10000 entities (12.7/sec)
  Progress: 6785/10000 entities (12.7/sec)
  Progress: 6790/10000 entities (12.7/sec)
  Progress: 6795/10000 entities (12.7/sec)
  Progress: 6800/10000 entities (12.7/sec)
  Progress: 6805/10000 entities (12.7/sec)
  Progress: 6810/10000 entities (12.7/sec)
  Progress: 6815/10000 entities (12.7/sec)
  Progress: 6820/10000 entities (12.7/sec)
  Progress: 6825/10000 entities (12.7/sec)
  Progress: 6830/10000 entities (12.7/sec)
  Progress: 6835/10000 entities (12.7/sec)
  Progress: 6840/10000 entities (12.7/sec)
  Progress: 6845/10000 entities (12.7/sec)
  Progress: 6850/10000 entities (12.7/sec)
  Progress: 6855/10000 entities (12.7/sec)
  Progress: 6860/10000 entities (12.7/sec)
  Progress: 6865/10000 entities (12.7/sec)
  Progress: 6870/10000 entities (12.7/sec)
  Progress: 6875/10000 entities (12.7/sec)
  Progress: 6880/10000 entities (12.7/sec)
  Progress: 6885/10000 entities (12.7/sec)
  Progress: 6890/10000 entities (12.7/sec)
  Progress: 6895/10000 entities (12.7/sec)
  Progress: 6900/10000 entities (12.7/sec)
  Progress: 6905/10000 entities (12.7/sec)
  Progress: 6910/10000 entities (12.7/sec)
  Progress: 6915/10000 entities (12.7/sec)
  Progress: 6920/10000 entities (12.7/sec)
  Progress: 6925/10000 entities (12.7/sec)
  Progress: 6930/10000 entities (12.7/sec)
  Progress: 6935/10000 entities (12.7/sec)
  Progress: 6940/10000 entities (12.7/sec)
  Progress: 6945/10000 entities (12.7/sec)
  Progress: 6950/10000 entities (12.7/sec)
  Progress: 6955/10000 entities (12.7/sec)
  Progress: 6960/10000 entities (12.7/sec)
  Progress: 6965/10000 entities (12.7/sec)
  Progress: 6970/10000 entities (12.7/sec)
  Progress: 6975/10000 entities (12.7/sec)
  Progress: 6980/10000 entities (12.7/sec)
  Progress: 6985/10000 entities (12.7/sec)
  Progress: 6990/10000 entities (12.7/sec)
  Progress: 6995/10000 entities (12.7/sec)
  Progress: 7000/10000 entities (12.7/sec)
  Progress: 7005/10000 entities (12.7/sec)
  Progress: 7010/10000 entities (12.7/sec)
  Progress: 7015/10000 entities (12.7/sec)
  Progress: 7020/10000 entities (12.7/sec)
  Progress: 7025/10000 entities (12.7/sec)
  Progress: 7030/10000 entities (12.7/sec)
  Progress: 7035/10000 entities (12.7/sec)
  Progress: 7040/10000 entities (12.7/sec)
  Progress: 7045/10000 entities (12.7/sec)
  Progress: 7050/10000 entities (12.7/sec)
  Progress: 7055/10000 entities (12.7/sec)
  Progress: 7060/10000 entities (12.7/sec)
  Progress: 7065/10000 entities (12.7/sec)
  Progress: 7070/10000 entities (12.7/sec)
  Progress: 7075/10000 entities (12.7/sec)
  Progress: 7080/10000 entities (12.7/sec)
  Progress: 7085/10000 entities (12.7/sec)
  Progress: 7090/10000 entities (12.7/sec)
  Progress: 7095/10000 entities (12.7/sec)
  Progress: 7100/10000 entities (12.7/sec)
  Progress: 7105/10000 entities (12.7/sec)
  Progress: 7110/10000 entities (12.7/sec)
  Progress: 7115/10000 entities (12.7/sec)
  Progress: 7120/10000 entities (12.7/sec)
  Progress: 7125/10000 entities (12.7/sec)
  Progress: 7130/10000 entities (12.7/sec)
  Progress: 7135/10000 entities (12.7/sec)
  Progress: 7140/10000 entities (12.7/sec)
  Progress: 7145/10000 entities (12.7/sec)
  Progress: 7150/10000 entities (12.7/sec)
  Progress: 7155/10000 entities (12.7/sec)
  Progress: 7160/10000 entities (12.7/sec)
  Progress: 7165/10000 entities (12.7/sec)
  Progress: 7170/10000 entities (12.7/sec)
  Progress: 7175/10000 entities (12.7/sec)
  Progress: 7180/10000 entities (12.7/sec)
  Progress: 7185/10000 entities (12.7/sec)
  Progress: 7190/10000 entities (12.7/sec)
  Progress: 7195/10000 entities (12.7/sec)
  Progress: 7200/10000 entities (12.7/sec)
  Progress: 7205/10000 entities (12.7/sec)
  Progress: 7210/10000 entities (12.7/sec)
  Progress: 7215/10000 entities (12.7/sec)
  Progress: 7220/10000 entities (12.7/sec)
  Progress: 7225/10000 entities (12.7/sec)
  Progress: 7230/10000 entities (12.7/sec)
  Progress: 7235/10000 entities (12.7/sec)
  Progress: 7240/10000 entities (12.7/sec)
  Progress: 7245/10000 entities (12.7/sec)
  Progress: 7250/10000 entities (12.7/sec)
  Progress: 7255/10000 entities (12.7/sec)
  Progress: 7260/10000 entities (12.7/sec)
  Progress: 7265/10000 entities (12.7/sec)
  Progress: 7270/10000 entities (12.7/sec)
  Progress: 7275/10000 entities (12.7/sec)
  Progress: 7280/10000 entities (12.7/sec)
  Progress: 7285/10000 entities (12.7/sec)
  Progress: 7290/10000 entities (12.7/sec)
  Progress: 7295/10000 entities (12.7/sec)
  Progress: 7300/10000 entities (12.7/sec)
  Progress: 7305/10000 entities (12.7/sec)
  Progress: 7310/10000 entities (12.7/sec)
  Progress: 7315/10000 entities (12.7/sec)
  Progress: 7320/10000 entities (12.7/sec)
  Progress: 7325/10000 entities (12.7/sec)
  Progress: 7330/10000 entities (12.7/sec)
  Progress: 7335/10000 entities (12.7/sec)
  Progress: 7340/10000 entities (12.7/sec)
  Progress: 7345/10000 entities (12.7/sec)
  Progress: 7350/10000 entities (12.7/sec)
  Progress: 7355/10000 entities (12.7/sec)
  Progress: 7360/10000 entities (12.7/sec)
  Progress: 7365/10000 entities (12.7/sec)
  Progress: 7370/10000 entities (12.7/sec)
  Progress: 7375/10000 entities (12.7/sec)
  Progress: 7380/10000 entities (12.7/sec)
  Progress: 7385/10000 entities (12.7/sec)
  Progress: 7390/10000 entities (12.7/sec)
  Progress: 7395/10000 entities (12.7/sec)
  Progress: 7400/10000 entities (12.7/sec)
  Progress: 7405/10000 entities (12.7/sec)
  Progress: 7410/10000 entities (12.7/sec)
  Progress: 7415/10000 entities (12.7/sec)
  Progress: 7420/10000 entities (12.7/sec)
  Progress: 7425/10000 entities (12.7/sec)
  Progress: 7430/10000 entities (12.7/sec)
  Progress: 7435/10000 entities (12.7/sec)
  Progress: 7440/10000 entities (12.7/sec)
  Progress: 7445/10000 entities (12.7/sec)
  Progress: 7450/10000 entities (12.7/sec)
  Progress: 7455/10000 entities (12.7/sec)
  Progress: 7460/10000 entities (12.7/sec)
  Progress: 7465/10000 entities (12.7/sec)
  Progress: 7470/10000 entities (12.7/sec)
  Progress: 7475/10000 entities (12.7/sec)
  Progress: 7480/10000 entities (12.7/sec)
  Progress: 7485/10000 entities (12.7/sec)
  Progress: 7490/10000 entities (12.7/sec)
  Progress: 7495/10000 entities (12.7/sec)
  Progress: 7500/10000 entities (12.7/sec)
  Progress: 7505/10000 entities (12.7/sec)
  Progress: 7510/10000 entities (12.7/sec)
  Progress: 7515/10000 entities (12.7/sec)
  Progress: 7520/10000 entities (12.7/sec)
  Progress: 7525/10000 entities (12.7/sec)
  Progress: 7530/10000 entities (12.7/sec)
  Progress: 7535/10000 entities (12.7/sec)
  Progress: 7540/10000 entities (12.7/sec)
  Progress: 7545/10000 entities (12.7/sec)
  Progress: 7550/10000 entities (12.7/sec)
  Progress: 7555/10000 entities (12.7/sec)
  Progress: 7560/10000 entities (12.7/sec)
  Progress: 7565/10000 entities (12.7/sec)
  Progress: 7570/10000 entities (12.7/sec)
  Progress: 7575/10000 entities (12.7/sec)
  Progress: 7580/10000 entities (12.7/sec)
  Progress: 7585/10000 entities (12.7/sec)
  Progress: 7590/10000 entities (12.6/sec)
  Progress: 7595/10000 entities (12.6/sec)
  Progress: 7600/10000 entities (12.6/sec)
  Progress: 7605/10000 entities (12.6/sec)
  Progress: 7610/10000 entities (12.6/sec)
  Progress: 7615/10000 entities (12.6/sec)
  Progress: 7620/10000 entities (12.6/sec)
  Progress: 7625/10000 entities (12.6/sec)
  Progress: 7630/10000 entities (12.6/sec)
  Progress: 7635/10000 entities (12.6/sec)
  Progress: 7640/10000 entities (12.6/sec)
  Progress: 7645/10000 entities (12.6/sec)
  Progress: 7650/10000 entities (12.6/sec)
  Progress: 7655/10000 entities (12.6/sec)
  Progress: 7660/10000 entities (12.6/sec)
  Progress: 7665/10000 entities (12.6/sec)
  Progress: 7670/10000 entities (12.6/sec)
  Progress: 7675/10000 entities (12.6/sec)
  Progress: 7680/10000 entities (12.6/sec)
  Progress: 7685/10000 entities (12.6/sec)
  Progress: 7690/10000 entities (12.6/sec)
  Progress: 7695/10000 entities (12.6/sec)
  Progress: 7700/10000 entities (12.6/sec)
  Progress: 7705/10000 entities (12.5/sec)
  Progress: 7710/10000 entities (12.5/sec)
  Progress: 7715/10000 entities (12.5/sec)
  Progress: 7720/10000 entities (12.5/sec)
  Progress: 7725/10000 entities (12.5/sec)
  Progress: 7730/10000 entities (12.5/sec)
  Progress: 7735/10000 entities (12.5/sec)
  Progress: 7740/10000 entities (12.5/sec)
  Progress: 7745/10000 entities (12.5/sec)
  Progress: 7750/10000 entities (12.5/sec)
  Progress: 7755/10000 entities (12.5/sec)
  Progress: 7760/10000 entities (12.5/sec)
  Progress: 7765/10000 entities (12.5/sec)
  Progress: 7770/10000 entities (12.5/sec)
  Progress: 7775/10000 entities (12.5/sec)
  Progress: 7780/10000 entities (12.5/sec)
  Progress: 7785/10000 entities (12.5/sec)
  Progress: 7790/10000 entities (12.5/sec)
  Progress: 7795/10000 entities (12.5/sec)
  Progress: 7800/10000 entities (12.5/sec)
  Progress: 7805/10000 entities (12.5/sec)
  Progress: 7810/10000 entities (12.5/sec)
  Progress: 7815/10000 entities (12.5/sec)
  Progress: 7820/10000 entities (12.5/sec)
  Progress: 7825/10000 entities (12.5/sec)
  Progress: 7830/10000 entities (12.5/sec)
  Progress: 7835/10000 entities (12.5/sec)
  Progress: 7840/10000 entities (12.5/sec)
  Progress: 7845/10000 entities (12.5/sec)
  Progress: 7850/10000 entities (12.5/sec)
  Progress: 7855/10000 entities (12.5/sec)
  Progress: 7860/10000 entities (12.5/sec)
  Progress: 7865/10000 entities (12.5/sec)
  Progress: 7870/10000 entities (12.5/sec)
  Progress: 7875/10000 entities (12.5/sec)
  Progress: 7880/10000 entities (12.5/sec)
  Progress: 7885/10000 entities (12.5/sec)
  Progress: 7890/10000 entities (12.5/sec)
  Progress: 7895/10000 entities (12.5/sec)
  Progress: 7900/10000 entities (12.5/sec)
  Progress: 7905/10000 entities (12.5/sec)
  Progress: 7910/10000 entities (12.5/sec)
  Progress: 7915/10000 entities (12.5/sec)
  Progress: 7920/10000 entities (12.5/sec)
  Progress: 7925/10000 entities (12.5/sec)
  Progress: 7930/10000 entities (12.5/sec)
  Progress: 7935/10000 entities (12.5/sec)
  Progress: 7940/10000 entities (12.5/sec)
  Progress: 7945/10000 entities (12.5/sec)
  Progress: 7950/10000 entities (12.5/sec)
  Progress: 7955/10000 entities (12.5/sec)
  Progress: 7960/10000 entities (12.5/sec)
  Progress: 7965/10000 entities (12.5/sec)
  Progress: 7970/10000 entities (12.5/sec)
  Progress: 7975/10000 entities (12.5/sec)
  Progress: 7980/10000 entities (12.5/sec)
  Progress: 7985/10000 entities (12.5/sec)
  Progress: 7990/10000 entities (12.5/sec)
  Progress: 7995/10000 entities (12.5/sec)
  Progress: 8000/10000 entities (12.5/sec)
  Progress: 8005/10000 entities (12.5/sec)
  Progress: 8010/10000 entities (12.5/sec)
  Progress: 8015/10000 entities (12.5/sec)
  Progress: 8020/10000 entities (12.5/sec)
  Progress: 8025/10000 entities (12.5/sec)
  Progress: 8030/10000 entities (12.5/sec)
  Progress: 8035/10000 entities (12.5/sec)
  Progress: 8040/10000 entities (12.5/sec)
  Progress: 8045/10000 entities (12.5/sec)
  Progress: 8050/10000 entities (12.5/sec)
  Progress: 8055/10000 entities (12.5/sec)
  Progress: 8060/10000 entities (12.5/sec)
  Progress: 8065/10000 entities (12.5/sec)
  Progress: 8070/10000 entities (12.5/sec)
  Progress: 8075/10000 entities (12.5/sec)
  Progress: 8080/10000 entities (12.5/sec)
  Progress: 8085/10000 entities (12.5/sec)
  Progress: 8090/10000 entities (12.5/sec)
  Progress: 8095/10000 entities (12.5/sec)
  Progress: 8100/10000 entities (12.5/sec)
  Progress: 8105/10000 entities (12.5/sec)
  Progress: 8110/10000 entities (12.5/sec)
  Progress: 8115/10000 entities (12.5/sec)
  Progress: 8120/10000 entities (12.5/sec)
  Progress: 8125/10000 entities (12.5/sec)
  Progress: 8130/10000 entities (12.5/sec)
  Progress: 8135/10000 entities (12.5/sec)
  Progress: 8140/10000 entities (12.5/sec)
  Progress: 8145/10000 entities (12.5/sec)
  Progress: 8150/10000 entities (12.5/sec)
  Progress: 8155/10000 entities (12.5/sec)
  Progress: 8160/10000 entities (12.5/sec)
  Progress: 8165/10000 entities (12.5/sec)
  Progress: 8170/10000 entities (12.5/sec)
  Progress: 8175/10000 entities (12.5/sec)
  Progress: 8180/10000 entities (12.5/sec)
  Progress: 8185/10000 entities (12.5/sec)
  Progress: 8190/10000 entities (12.5/sec)
  Progress: 8195/10000 entities (12.5/sec)
  Progress: 8200/10000 entities (12.5/sec)
  Progress: 8205/10000 entities (12.5/sec)
  Progress: 8210/10000 entities (12.5/sec)
  Progress: 8215/10000 entities (12.5/sec)
  Progress: 8220/10000 entities (12.5/sec)
  Progress: 8225/10000 entities (12.5/sec)
  Progress: 8230/10000 entities (12.5/sec)
  Progress: 8235/10000 entities (12.5/sec)
  Progress: 8240/10000 entities (12.5/sec)
  Progress: 8245/10000 entities (12.5/sec)
  Progress: 8250/10000 entities (12.5/sec)
  Progress: 8255/10000 entities (12.5/sec)
  Progress: 8260/10000 entities (12.6/sec)
  Progress: 8265/10000 entities (12.5/sec)
  Progress: 8270/10000 entities (12.5/sec)
  Progress: 8275/10000 entities (12.5/sec)
  Progress: 8280/10000 entities (12.5/sec)
  Progress: 8285/10000 entities (12.6/sec)
  Progress: 8290/10000 entities (12.5/sec)
  Progress: 8295/10000 entities (12.5/sec)
  Progress: 8300/10000 entities (12.6/sec)
  Progress: 8305/10000 entities (12.6/sec)
  Progress: 8310/10000 entities (12.6/sec)
  Progress: 8315/10000 entities (12.6/sec)
  Progress: 8320/10000 entities (12.6/sec)
  Progress: 8325/10000 entities (12.6/sec)
  Progress: 8330/10000 entities (12.6/sec)
  Progress: 8335/10000 entities (12.6/sec)
  Progress: 8340/10000 entities (12.6/sec)
  Progress: 8345/10000 entities (12.6/sec)
  Progress: 8350/10000 entities (12.6/sec)
  Progress: 8355/10000 entities (12.6/sec)
  Progress: 8360/10000 entities (12.6/sec)
  Progress: 8365/10000 entities (12.6/sec)
  Progress: 8370/10000 entities (12.6/sec)
  Progress: 8375/10000 entities (12.6/sec)
  Progress: 8380/10000 entities (12.6/sec)
  Progress: 8385/10000 entities (12.6/sec)
  Progress: 8390/10000 entities (12.6/sec)
  Progress: 8395/10000 entities (12.6/sec)
  Progress: 8400/10000 entities (12.6/sec)
  Progress: 8405/10000 entities (12.6/sec)
  Progress: 8410/10000 entities (12.6/sec)
  Progress: 8415/10000 entities (12.6/sec)
  Progress: 8420/10000 entities (12.6/sec)
  Progress: 8425/10000 entities (12.6/sec)
  Progress: 8430/10000 entities (12.6/sec)
  Progress: 8435/10000 entities (12.6/sec)
  Progress: 8440/10000 entities (12.6/sec)
  Progress: 8445/10000 entities (12.6/sec)
  Progress: 8450/10000 entities (12.6/sec)
  Progress: 8455/10000 entities (12.6/sec)
  Progress: 8460/10000 entities (12.6/sec)
  Progress: 8465/10000 entities (12.6/sec)
  Progress: 8470/10000 entities (12.6/sec)
  Progress: 8475/10000 entities (12.6/sec)
  Progress: 8480/10000 entities (12.6/sec)
  Progress: 8485/10000 entities (12.6/sec)
  Progress: 8490/10000 entities (12.6/sec)
  Progress: 8495/10000 entities (12.6/sec)
  Progress: 8500/10000 entities (12.6/sec)
  Progress: 8505/10000 entities (12.6/sec)
  Progress: 8510/10000 entities (12.6/sec)
  Progress: 8515/10000 entities (12.6/sec)
  Progress: 8520/10000 entities (12.6/sec)
  Progress: 8525/10000 entities (12.6/sec)
  Progress: 8530/10000 entities (12.6/sec)
  Progress: 8535/10000 entities (12.6/sec)
  Progress: 8540/10000 entities (12.6/sec)
  Progress: 8545/10000 entities (12.6/sec)
  Progress: 8550/10000 entities (12.6/sec)
  Progress: 8555/10000 entities (12.6/sec)
  Progress: 8560/10000 entities (12.6/sec)
  Progress: 8565/10000 entities (12.6/sec)
  Progress: 8570/10000 entities (12.6/sec)
  Progress: 8575/10000 entities (12.6/sec)
  Progress: 8580/10000 entities (12.6/sec)
  Progress: 8585/10000 entities (12.6/sec)
  Progress: 8590/10000 entities (12.6/sec)
  Progress: 8595/10000 entities (12.6/sec)
  Progress: 8600/10000 entities (12.6/sec)
  Progress: 8605/10000 entities (12.6/sec)
  Progress: 8610/10000 entities (12.6/sec)
  Progress: 8615/10000 entities (12.6/sec)
  Progress: 8620/10000 entities (12.6/sec)
  Progress: 8625/10000 entities (12.6/sec)
  Progress: 8630/10000 entities (12.6/sec)
  Progress: 8635/10000 entities (12.6/sec)
  Progress: 8640/10000 entities (12.6/sec)
  Progress: 8645/10000 entities (12.6/sec)
  Progress: 8650/10000 entities (12.6/sec)
  Progress: 8655/10000 entities (12.6/sec)
  Progress: 8660/10000 entities (12.6/sec)
  Progress: 8665/10000 entities (12.6/sec)
  Progress: 8670/10000 entities (12.7/sec)
  Progress: 8675/10000 entities (12.7/sec)
  Progress: 8680/10000 entities (12.7/sec)
  Progress: 8685/10000 entities (12.7/sec)
  Progress: 8690/10000 entities (12.7/sec)
  Progress: 8695/10000 entities (12.7/sec)
  Progress: 8700/10000 entities (12.7/sec)
  Progress: 8705/10000 entities (12.7/sec)
  Progress: 8710/10000 entities (12.7/sec)
  Progress: 8715/10000 entities (12.7/sec)
  Progress: 8720/10000 entities (12.7/sec)
  Progress: 8725/10000 entities (12.7/sec)
  Progress: 8730/10000 entities (12.7/sec)
  Progress: 8735/10000 entities (12.7/sec)
  Progress: 8740/10000 entities (12.7/sec)
  Progress: 8745/10000 entities (12.7/sec)
  Progress: 8750/10000 entities (12.7/sec)
  Progress: 8755/10000 entities (12.7/sec)
  Progress: 8760/10000 entities (12.7/sec)
  Progress: 8765/10000 entities (12.7/sec)
  Progress: 8770/10000 entities (12.7/sec)
  Progress: 8775/10000 entities (12.7/sec)
  Progress: 8780/10000 entities (12.7/sec)
  Progress: 8785/10000 entities (12.7/sec)
  Progress: 8790/10000 entities (12.7/sec)
  Progress: 8795/10000 entities (12.7/sec)
  Progress: 8800/10000 entities (12.7/sec)
  Progress: 8805/10000 entities (12.7/sec)
  Progress: 8810/10000 entities (12.7/sec)
  Progress: 8815/10000 entities (12.7/sec)
  Progress: 8820/10000 entities (12.7/sec)
  Progress: 8825/10000 entities (12.7/sec)
  Progress: 8830/10000 entities (12.7/sec)
  Progress: 8835/10000 entities (12.7/sec)
  Progress: 8840/10000 entities (12.7/sec)
  Progress: 8845/10000 entities (12.7/sec)
  Progress: 8850/10000 entities (12.7/sec)
  Progress: 8855/10000 entities (12.7/sec)
  Progress: 8860/10000 entities (12.7/sec)
  Progress: 8865/10000 entities (12.7/sec)
  Progress: 8870/10000 entities (12.7/sec)
  Progress: 8875/10000 entities (12.7/sec)
  Progress: 8880/10000 entities (12.7/sec)
  Progress: 8885/10000 entities (12.7/sec)
  Progress: 8890/10000 entities (12.7/sec)
  Progress: 8895/10000 entities (12.7/sec)
  Progress: 8900/10000 entities (12.7/sec)
  Progress: 8905/10000 entities (12.7/sec)
  Progress: 8910/10000 entities (12.7/sec)
  Progress: 8915/10000 entities (12.7/sec)
  Progress: 8920/10000 entities (12.7/sec)
  Progress: 8925/10000 entities (12.7/sec)
  Progress: 8930/10000 entities (12.7/sec)
  Progress: 8935/10000 entities (12.7/sec)
  Progress: 8940/10000 entities (12.7/sec)
  Progress: 8945/10000 entities (12.7/sec)
  Progress: 8950/10000 entities (12.7/sec)
  Progress: 8955/10000 entities (12.7/sec)
  Progress: 8960/10000 entities (12.7/sec)
  Progress: 8965/10000 entities (12.7/sec)
  Progress: 8970/10000 entities (12.7/sec)
  Progress: 8975/10000 entities (12.7/sec)
  Progress: 8980/10000 entities (12.7/sec)
  Progress: 8985/10000 entities (12.7/sec)
  Progress: 8990/10000 entities (12.7/sec)
  Progress: 8995/10000 entities (12.7/sec)
  Progress: 9000/10000 entities (12.7/sec)
  Progress: 9005/10000 entities (12.7/sec)
  Progress: 9010/10000 entities (12.7/sec)
  Progress: 9015/10000 entities (12.7/sec)
  Progress: 9020/10000 entities (12.7/sec)
  Progress: 9025/10000 entities (12.7/sec)
  Progress: 9030/10000 entities (12.7/sec)
  Progress: 9035/10000 entities (12.7/sec)
  Progress: 9040/10000 entities (12.7/sec)
  Progress: 9045/10000 entities (12.7/sec)
  Progress: 9050/10000 entities (12.7/sec)
  Progress: 9055/10000 entities (12.7/sec)
  Progress: 9060/10000 entities (12.7/sec)
  Progress: 9065/10000 entities (12.7/sec)
  Progress: 9070/10000 entities (12.7/sec)
  Progress: 9075/10000 entities (12.7/sec)
  Progress: 9080/10000 entities (12.7/sec)
  Progress: 9085/10000 entities (12.7/sec)
  Progress: 9090/10000 entities (12.7/sec)
  Progress: 9095/10000 entities (12.7/sec)
  Progress: 9100/10000 entities (12.7/sec)
  Progress: 9105/10000 entities (12.7/sec)
  Progress: 9110/10000 entities (12.7/sec)
  Progress: 9115/10000 entities (12.7/sec)
  Progress: 9120/10000 entities (12.7/sec)
  Progress: 9125/10000 entities (12.7/sec)
  Progress: 9130/10000 entities (12.7/sec)
  Progress: 9135/10000 entities (12.7/sec)
  Progress: 9140/10000 entities (12.7/sec)
  Progress: 9145/10000 entities (12.7/sec)
  Progress: 9150/10000 entities (12.7/sec)
  Progress: 9155/10000 entities (12.7/sec)
  Progress: 9160/10000 entities (12.7/sec)
  Progress: 9165/10000 entities (12.7/sec)
  Progress: 9170/10000 entities (12.7/sec)
  Progress: 9175/10000 entities (12.7/sec)
  Progress: 9180/10000 entities (12.7/sec)
  Progress: 9185/10000 entities (12.7/sec)
  Progress: 9190/10000 entities (12.7/sec)
  Progress: 9195/10000 entities (12.7/sec)
  Progress: 9200/10000 entities (12.7/sec)
  Progress: 9205/10000 entities (12.7/sec)
  Progress: 9210/10000 entities (12.7/sec)
  Progress: 9215/10000 entities (12.7/sec)
  Progress: 9220/10000 entities (12.7/sec)
  Progress: 9225/10000 entities (12.7/sec)
  Progress: 9230/10000 entities (12.7/sec)
  Progress: 9235/10000 entities (12.7/sec)
  Progress: 9240/10000 entities (12.7/sec)
  Progress: 9245/10000 entities (12.7/sec)
  Progress: 9250/10000 entities (12.7/sec)
  Progress: 9255/10000 entities (12.7/sec)
  Progress: 9260/10000 entities (12.7/sec)
  Progress: 9265/10000 entities (12.7/sec)
  Progress: 9270/10000 entities (12.7/sec)
  Progress: 9275/10000 entities (12.7/sec)
  Progress: 9280/10000 entities (12.7/sec)
  Progress: 9285/10000 entities (12.7/sec)
  Progress: 9290/10000 entities (12.7/sec)
  Progress: 9295/10000 entities (12.7/sec)
  Progress: 9300/10000 entities (12.7/sec)
  Progress: 9305/10000 entities (12.7/sec)
  Progress: 9310/10000 entities (12.7/sec)
  Progress: 9315/10000 entities (12.7/sec)
  Progress: 9320/10000 entities (12.7/sec)
  Progress: 9325/10000 entities (12.7/sec)
  Progress: 9330/10000 entities (12.7/sec)
  Progress: 9335/10000 entities (12.7/sec)
  Progress: 9340/10000 entities (12.7/sec)
  Progress: 9345/10000 entities (12.7/sec)
  Progress: 9350/10000 entities (12.7/sec)
  Progress: 9355/10000 entities (12.7/sec)
  Progress: 9360/10000 entities (12.7/sec)
  Progress: 9365/10000 entities (12.7/sec)
  Progress: 9370/10000 entities (12.7/sec)
  Progress: 9375/10000 entities (12.7/sec)
  Progress: 9380/10000 entities (12.7/sec)
  Progress: 9385/10000 entities (12.7/sec)
  Progress: 9390/10000 entities (12.7/sec)
  Progress: 9395/10000 entities (12.7/sec)
  Progress: 9400/10000 entities (12.8/sec)
  Progress: 9405/10000 entities (12.8/sec)
  Progress: 9410/10000 entities (12.8/sec)
  Progress: 9415/10000 entities (12.8/sec)
  Progress: 9420/10000 entities (12.8/sec)
  Progress: 9425/10000 entities (12.8/sec)
  Progress: 9430/10000 entities (12.8/sec)
  Progress: 9435/10000 entities (12.8/sec)
  Progress: 9440/10000 entities (12.8/sec)
  Progress: 9445/10000 entities (12.8/sec)
  Progress: 9450/10000 entities (12.8/sec)
  Progress: 9455/10000 entities (12.8/sec)
  Progress: 9460/10000 entities (12.8/sec)
  Progress: 9465/10000 entities (12.8/sec)
  Progress: 9470/10000 entities (12.8/sec)
  Progress: 9475/10000 entities (12.8/sec)
  Progress: 9480/10000 entities (12.8/sec)
  Progress: 9485/10000 entities (12.8/sec)
  Progress: 9490/10000 entities (12.8/sec)
  Progress: 9495/10000 entities (12.8/sec)
  Progress: 9500/10000 entities (12.8/sec)
  Progress: 9505/10000 entities (12.8/sec)
  Progress: 9510/10000 entities (12.8/sec)
  Progress: 9515/10000 entities (12.8/sec)
  Progress: 9520/10000 entities (12.8/sec)
  Progress: 9525/10000 entities (12.8/sec)
  Progress: 9530/10000 entities (12.8/sec)
  Progress: 9535/10000 entities (12.8/sec)
  Progress: 9540/10000 entities (12.8/sec)
  Progress: 9545/10000 entities (12.8/sec)
  Progress: 9550/10000 entities (12.8/sec)
  Progress: 9555/10000 entities (12.8/sec)
  Progress: 9560/10000 entities (12.8/sec)
  Progress: 9565/10000 entities (12.8/sec)
  Progress: 9570/10000 entities (12.7/sec)
  Progress: 9575/10000 entities (12.7/sec)
  Progress: 9580/10000 entities (12.7/sec)
  Progress: 9585/10000 entities (12.7/sec)
  Progress: 9590/10000 entities (12.7/sec)
  Progress: 9595/10000 entities (12.7/sec)
  Progress: 9600/10000 entities (12.7/sec)
  Progress: 9605/10000 entities (12.7/sec)
  Progress: 9610/10000 entities (12.7/sec)
  Progress: 9615/10000 entities (12.7/sec)
  Progress: 9620/10000 entities (12.7/sec)
  Progress: 9625/10000 entities (12.7/sec)
  Progress: 9630/10000 entities (12.7/sec)
  Progress: 9635/10000 entities (12.7/sec)
  Progress: 9640/10000 entities (12.7/sec)
  Progress: 9645/10000 entities (12.7/sec)
  Progress: 9650/10000 entities (12.7/sec)
  Progress: 9655/10000 entities (12.7/sec)
  Progress: 9660/10000 entities (12.7/sec)
  Progress: 9665/10000 entities (12.7/sec)
  Progress: 9670/10000 entities (12.7/sec)
  Progress: 9675/10000 entities (12.7/sec)
  Progress: 9680/10000 entities (12.7/sec)
  Progress: 9685/10000 entities (12.7/sec)
  Progress: 9690/10000 entities (12.7/sec)
  Progress: 9695/10000 entities (12.7/sec)
  Progress: 9700/10000 entities (12.7/sec)
  Progress: 9705/10000 entities (12.7/sec)
  Progress: 9710/10000 entities (12.7/sec)
  Progress: 9715/10000 entities (12.7/sec)
  Progress: 9720/10000 entities (12.7/sec)
  Progress: 9725/10000 entities (12.7/sec)
  Progress: 9730/10000 entities (12.7/sec)
  Progress: 9735/10000 entities (12.7/sec)
  Progress: 9740/10000 entities (12.7/sec)
  Progress: 9745/10000 entities (12.7/sec)
  Progress: 9750/10000 entities (12.7/sec)
  Progress: 9755/10000 entities (12.7/sec)
  Progress: 9760/10000 entities (12.7/sec)
  Progress: 9765/10000 entities (12.7/sec)
  Progress: 9770/10000 entities (12.7/sec)
  Progress: 9775/10000 entities (12.7/sec)
  Progress: 9780/10000 entities (12.7/sec)
  Progress: 9785/10000 entities (12.7/sec)
  Progress: 9790/10000 entities (12.7/sec)
  Progress: 9795/10000 entities (12.7/sec)
  Progress: 9800/10000 entities (12.7/sec)
  Progress: 9805/10000 entities (12.7/sec)
  Progress: 9810/10000 entities (12.7/sec)
  Progress: 9815/10000 entities (12.7/sec)
  Progress: 9820/10000 entities (12.7/sec)
  Progress: 9825/10000 entities (12.7/sec)
  Progress: 9830/10000 entities (12.7/sec)
  Progress: 9835/10000 entities (12.7/sec)
  Progress: 9840/10000 entities (12.7/sec)
  Progress: 9845/10000 entities (12.7/sec)
  Progress: 9850/10000 entities (12.7/sec)
  Progress: 9855/10000 entities (12.7/sec)
  Progress: 9860/10000 entities (12.7/sec)
  Progress: 9865/10000 entities (12.7/sec)
  Progress: 9870/10000 entities (12.7/sec)
  Progress: 9875/10000 entities (12.7/sec)
  Progress: 9880/10000 entities (12.7/sec)
  Progress: 9885/10000 entities (12.7/sec)
  Progress: 9890/10000 entities (12.7/sec)
  Progress: 9895/10000 entities (12.7/sec)
  Progress: 9900/10000 entities (12.7/sec)
  Progress: 9905/10000 entities (12.7/sec)
  Progress: 9910/10000 entities (12.7/sec)
  Progress: 9915/10000 entities (12.7/sec)
  Progress: 9920/10000 entities (12.7/sec)
  Progress: 9925/10000 entities (12.7/sec)
  Progress: 9930/10000 entities (12.7/sec)
  Progress: 9935/10000 entities (12.7/sec)
  Progress: 9940/10000 entities (12.7/sec)
  Progress: 9945/10000 entities (12.7/sec)
  Progress: 9950/10000 entities (12.7/sec)
  Progress: 9955/10000 entities (12.7/sec)
  Progress: 9960/10000 entities (12.7/sec)
  Progress: 9965/10000 entities (12.7/sec)
  Progress: 9970/10000 entities (12.7/sec)
  Progress: 9975/10000 entities (12.7/sec)
  Progress: 9980/10000 entities (12.7/sec)
  Progress: 9985/10000 entities (12.7/sec)
  Progress: 9990/10000 entities (12.7/sec)
  Progress: 9995/10000 entities (12.7/sec)
  Progress: 10000/10000 entities (12.7/sec)

Registration complete:
  Entities:        10000
  Artifacts:       10000
  Skipped:         0
  Artifact errors: 0
  Time:            787.5 seconds
[dm-local] 10k registration: 787.5s, 10000 entities (12.7 ent/s)
[dm-local] n_cat=10000  len(dataset)                0.017s  n=10000 rep0
[dm-local] n_cat=10000  len(dataset)                0.000s  n=10000 rep1
[dm-local] n_cat=10000  len(dataset)                0.000s  n=10000 rep2
[dm-local] n_cat=10000  sweep_full_items           26.593s  n=10000 
[dm-local] n_cat=10000  search_50pct               14.017s  n=5000 p0>=5000
[dm-local] n_cat=10000  search_10pct                2.477s  n=1000 p0>=9000
[dm-local] n_cat=10000  search_1pct                 0.242s  n=100 p0>=9900
[dm-local] 28 rows -> results/datamodel/local_scaling.csv
== remote discovery routes (tiled-test) ==
Retrying…
[dm] server 0.2.15b1.dev14+b7aafcd1, dataset EGRESS_PE_1M_BROKER
[dm] len(dataset)                    0.042s  n=1000 rep0
[dm] len(dataset)                    0.000s  n=1000 rep1
[dm] len(dataset)                    0.000s  n=1000 rep2
[dm] keys_first_100                  0.049s  n=100 rep0
[dm] keys_first_100                  0.067s  n=100 rep1
[dm] keys_first_100                  0.046s  n=100 rep2
[dm] entity_metadata_get             0.066s  n=5 rep0
[dm] entity_metadata_get             0.176s  n=5 rep1
[dm] entity_metadata_get             0.149s  n=5 rep2
[dm] artifact_metadata_get           0.935s  n=1 rep0
[dm] artifact_metadata_get           0.051s  n=1 rep1
[dm] artifact_metadata_get           0.050s  n=1 rep2
[dm] filter param: 'p0', artifact_type: 'signal'
[dm] route=sweep_full                2.630s  n=1000 
[dm] route=search_50pct              0.879s  n=500 p0>=499.5 expected~500
[dm] route=sweepfilter_50pct         0.002s  n=500 pandas filter only; add route=sweep_full for total
[dm] route=search_10pct              0.167s  n=100 p0>=899.1 expected~100
[dm] route=sweepfilter_10pct         0.001s  n=100 pandas filter only; add route=sweep_full for total
[dm] route=search_1pct               0.056s  n=10 p0>=989 expected~10
[dm] route=sweepfilter_1pct          0.001s  n=10 pandas filter only; add route=sweep_full for total
[dm] no local manifest matching EGRESS_PE_1M_BROKER under /sdf/data/lcls/ds/prj/prjmaiqmag01/results/ajshack/tiled-catalog-broker/datasets/manifests — parquet route skipped
[dm] 19 rows -> results/datamodel/remote_routes.csv
end: 2026-08-19T01:18:37-07:00
