node: sdfmilan236  start: 2026-08-19T00:45:22-07:00
== prewarm ==

real	0m5.385s
user	0m10.521s
sys	0m0.397s
== local catalog-size scaling (after-code, incl. fresh 10k) ==
Traceback (most recent call last):
  File "/sdf/data/lcls/ds/prj/prjmaiqmag01/results/ajshack/tiled-bench/_bench_ws/datamodel/dm_local_scaling.py", line 23, in <module>
    from regbench.config import RunConfig
ModuleNotFoundError: No module named 'regbench'
== remote discovery routes (tiled-test) ==
Retrying…
Retrying…
Retrying…
Retrying…
Retrying…
Retrying…
Retrying…
Retrying…
Retrying…
Retrying…
[dm] server 0.2.15b1.dev14+b7aafcd1, dataset EGRESS_PE_1M_BROKER
[dm] len(dataset)                    0.889s  n=1000 rep0
[dm] len(dataset)                    0.000s  n=1000 rep1
[dm] len(dataset)                    0.000s  n=1000 rep2
[dm] keys_first_100                  0.481s  n=100 rep0
[dm] keys_first_100                  0.188s  n=100 rep1
[dm] keys_first_100                  0.044s  n=100 rep2
[dm] entity_metadata_get             1.018s  n=5 rep0
[dm] entity_metadata_get             0.222s  n=5 rep1
[dm] entity_metadata_get             0.117s  n=5 rep2
[dm] artifact_metadata_get           1.052s  n=1 rep0
[dm] artifact_metadata_get           1.221s  n=1 rep1
[dm] artifact_metadata_get           0.110s  n=1 rep2
[dm] filter param: 'p0', artifact_type: 'signal'
[dm] route=sweep_full                2.816s  n=1000 
[dm] route=search_50pct              1.967s  n=500 p0>=499.5 expected~500
[dm] route=sweepfilter_50pct         0.002s  n=500 pandas filter only; add route=sweep_full for total
[dm] route=search_10pct              0.222s  n=100 p0>=899.1 expected~100
[dm] route=sweepfilter_10pct         0.001s  n=100 pandas filter only; add route=sweep_full for total
[dm] route=search_1pct               0.069s  n=10 p0>=989 expected~10
[dm] route=sweepfilter_1pct          0.001s  n=10 pandas filter only; add route=sweep_full for total
[dm] no local manifest matching EGRESS_PE_1M_BROKER under /sdf/data/lcls/ds/prj/prjmaiqmag01/results/ajshack/tiled-catalog-broker/datasets/manifests — parquet route skipped
[dm] 19 rows -> results/datamodel/remote_routes.csv
end: 2026-08-19T00:45:49-07:00
